Component: ARM Compiler 5.06 update 7 (build 960) Tool: armlink [4d3601]

==============================================================================

Section Cross References

    startup_stm32f103xe.o(RESET) refers to startup_stm32f103xe.o(STACK) for __initial_sp
    startup_stm32f103xe.o(RESET) refers to startup_stm32f103xe.o(.text) for Reset_Handler
    startup_stm32f103xe.o(RESET) refers to stm32f1xx_it.o(i.NMI_Handler) for NMI_Handler
    startup_stm32f103xe.o(RESET) refers to stm32f1xx_it.o(i.HardFault_Handler) for HardFault_Handler
    startup_stm32f103xe.o(RESET) refers to stm32f1xx_it.o(i.MemManage_Handler) for MemManage_Handler
    startup_stm32f103xe.o(RESET) refers to stm32f1xx_it.o(i.BusFault_Handler) for BusFault_Handler
    startup_stm32f103xe.o(RESET) refers to stm32f1xx_it.o(i.UsageFault_Handler) for UsageFault_Handler
    startup_stm32f103xe.o(RESET) refers to stm32f1xx_it.o(i.SVC_Handler) for SVC_Handler
    startup_stm32f103xe.o(RESET) refers to stm32f1xx_it.o(i.DebugMon_Handler) for DebugMon_Handler
    startup_stm32f103xe.o(RESET) refers to stm32f1xx_it.o(i.PendSV_Handler) for PendSV_Handler
    startup_stm32f103xe.o(RESET) refers to stm32f1xx_it.o(i.SysTick_Handler) for SysTick_Handler
    startup_stm32f103xe.o(RESET) refers to stm32f1xx_it.o(i.DMA1_Channel3_IRQHandler) for DMA1_Channel3_IRQHandler
    startup_stm32f103xe.o(RESET) refers to stm32f1xx_it.o(i.DMA1_Channel5_IRQHandler) for DMA1_Channel5_IRQHandler
    startup_stm32f103xe.o(RESET) refers to stm32f1xx_it.o(i.USART1_IRQHandler) for USART1_IRQHandler
    startup_stm32f103xe.o(RESET) refers to stm32f1xx_it.o(i.USART3_IRQHandler) for USART3_IRQHandler
    startup_stm32f103xe.o(RESET) refers to stm32f1xx_it.o(i.TIM6_IRQHandler) for TIM6_IRQHandler
    startup_stm32f103xe.o(.text) refers to system_stm32f1xx.o(i.SystemInit) for SystemInit
    startup_stm32f103xe.o(.text) refers to entry.o(.ARM.Collect$$$$00000000) for __main
    main.o(i.Error_Handler) refers to printfa.o(i.__0printf) for __2printf
    main.o(i.Error_Handler) refers to stm32f1xx_hal.o(i.HAL_Delay) for HAL_Delay
    main.o(i.HAL_TIM_PeriodElapsedCallback) refers to fadd.o(.text) for __aeabi_fadd
    main.o(i.HAL_TIM_PeriodElapsedCallback) refers to inv_mpu.o(i.mpu_dmp_get_data) for mpu_dmp_get_data
    main.o(i.HAL_TIM_PeriodElapsedCallback) refers to fmul.o(.text) for __aeabi_fmul
    main.o(i.HAL_TIM_PeriodElapsedCallback) refers to pid.o(i.PID_mode2) for PID_mode2
    main.o(i.HAL_TIM_PeriodElapsedCallback) refers to ffixi.o(.text) for __aeabi_f2iz
    main.o(i.HAL_TIM_PeriodElapsedCallback) refers to motor.o(i.set_PWM) for set_PWM
    main.o(i.HAL_TIM_PeriodElapsedCallback) refers to pid.o(i.PID_mode1) for PID_mode1
    main.o(i.HAL_TIM_PeriodElapsedCallback) refers to main.o(.data) for .data
    main.o(i.HAL_TIM_PeriodElapsedCallback) refers to tim.o(.bss) for htim1
    main.o(i.HAL_TIM_PeriodElapsedCallback) refers to main.o(.bss) for .bss
    main.o(i.HAL_UARTEx_RxEventCallback) refers to main.o(i.receive_value) for receive_value
    main.o(i.HAL_UARTEx_RxEventCallback) refers to fadd.o(.text) for __aeabi_fadd
    main.o(i.HAL_UARTEx_RxEventCallback) refers to strstr.o(.text) for strstr
    main.o(i.HAL_UARTEx_RxEventCallback) refers to fmul.o(.text) for __aeabi_fmul
    main.o(i.HAL_UARTEx_RxEventCallback) refers to memseta.o(.text) for __aeabi_memclr4
    main.o(i.HAL_UARTEx_RxEventCallback) refers to stm32f1xx_hal_uart.o(i.HAL_UARTEx_ReceiveToIdle_DMA) for HAL_UARTEx_ReceiveToIdle_DMA
    main.o(i.HAL_UARTEx_RxEventCallback) refers to stm32f1xx_hal_uart.o(i.HAL_UARTEx_ReceiveToIdle_IT) for HAL_UARTEx_ReceiveToIdle_IT
    main.o(i.HAL_UARTEx_RxEventCallback) refers to main.o(.data) for .data
    main.o(i.HAL_UARTEx_RxEventCallback) refers to main.o(.bss) for .bss
    main.o(i.HAL_UARTEx_RxEventCallback) refers to usart.o(.bss) for huart1
    main.o(i.SystemClock_Config) refers to memseta.o(.text) for __aeabi_memclr4
    main.o(i.SystemClock_Config) refers to stm32f1xx_hal_rcc.o(i.HAL_RCC_OscConfig) for HAL_RCC_OscConfig
    main.o(i.SystemClock_Config) refers to stm32f1xx_hal_rcc.o(i.HAL_RCC_ClockConfig) for HAL_RCC_ClockConfig
    main.o(i.SystemClock_Config) refers to main.o(i.Error_Handler) for Error_Handler
    main.o(i.main) refers to stm32f1xx_hal.o(i.HAL_Init) for HAL_Init
    main.o(i.main) refers to main.o(i.SystemClock_Config) for SystemClock_Config
    main.o(i.main) refers to gpio.o(i.MX_GPIO_Init) for MX_GPIO_Init
    main.o(i.main) refers to dma.o(i.MX_DMA_Init) for MX_DMA_Init
    main.o(i.main) refers to tim.o(i.MX_TIM1_Init) for MX_TIM1_Init
    main.o(i.main) refers to tim.o(i.MX_TIM2_Init) for MX_TIM2_Init
    main.o(i.main) refers to tim.o(i.MX_TIM3_Init) for MX_TIM3_Init
    main.o(i.main) refers to tim.o(i.MX_TIM5_Init) for MX_TIM5_Init
    main.o(i.main) refers to tim.o(i.MX_TIM6_Init) for MX_TIM6_Init
    main.o(i.main) refers to tim.o(i.MX_TIM8_Init) for MX_TIM8_Init
[...]
    i.mpu_init                               0x0800723c   Section        0  inv_mpu.o(i.mpu_init)
    i.mpu_load_firmware                      0x080073c4   Section        0  inv_mpu.o(i.mpu_load_firmware)
    i.mpu_lp_accel_mode                      0x08007464   Section        0  inv_mpu.o(i.mpu_lp_accel_mode)
    i.mpu_read_fifo_stream                   0x0800751c   Section        0  inv_mpu.o(i.mpu_read_fifo_stream)
    i.mpu_read_mem                           0x080075ac   Section        0  inv_mpu.o(i.mpu_read_mem)
    i.mpu_reset_fifo                         0x08007600   Section        0  inv_mpu.o(i.mpu_reset_fifo)
    i.mpu_set_accel_fsr                      0x08007760   Section        0  inv_mpu.o(i.mpu_set_accel_fsr)
    i.mpu_set_bypass                         0x080077c8   Section        0  inv_mpu.o(i.mpu_set_bypass)
    i.mpu_set_dmp_state                      0x080078a4   Section        0  inv_mpu.o(i.mpu_set_dmp_state)
    i.mpu_set_gyro_fsr                       0x0800791c   Section        0  inv_mpu.o(i.mpu_set_gyro_fsr)
    i.mpu_set_int_latched                    0x08007988   Section        0  inv_mpu.o(i.mpu_set_int_latched)
    i.mpu_set_lpf                            0x080079ec   Section        0  inv_mpu.o(i.mpu_set_lpf)
    i.mpu_set_sample_rate                    0x08007a58   Section        0  inv_mpu.o(i.mpu_set_sample_rate)
    i.mpu_set_sensors                        0x08007ad8   Section        0  inv_mpu.o(i.mpu_set_sensors)
    i.mpu_write_mem                          0x08007b90   Section        0  inv_mpu.o(i.mpu_write_mem)
    i.my_abs_int                             0x08007be4   Section        0  motor.o(i.my_abs_int)
    my_abs_int                               0x08007be5   Thumb Code    18  motor.o(i.my_abs_int)
    i.my_distance                            0x08007bf6   Section        0  pid.o(i.my_distance)
    my_distance                              0x08007bf7   Thumb Code    34  pid.o(i.my_distance)
    i.receive_value                          0x08007c18   Section        0  main.o(i.receive_value)
    i.set_PWM                                0x08007cc8   Section        0  motor.o(i.set_PWM)
    i.set_int_enable                         0x08007de0   Section        0  inv_mpu.o(i.set_int_enable)
    set_int_enable                           0x08007de1   Thumb Code    84  inv_mpu.o(i.set_int_enable)
    i.sinf                                   0x08007e38   Section        0  sinf.o(i.sinf)
    i.sqrt                                   0x08007fc0   Section        0  sqrt.o(i.sqrt)
    i.sqrtf                                  0x0800800c   Section        0  sqrtf.o(i.sqrtf)
    .constdata                               0x08008038   Section       18  stm32f1xx_hal_rcc.o(.constdata)
    aPredivFactorTable                       0x08008038   Data           2  stm32f1xx_hal_rcc.o(.constdata)
    aPLLMULFactorTable                       0x0800803a   Data          16  stm32f1xx_hal_rcc.o(.constdata)
    .constdata                               0x0800804a   Section       16  system_stm32f1xx.o(.constdata)
    .constdata                               0x0800805a   Section        8  system_stm32f1xx.o(.constdata)
    .constdata                               0x08008062   Section       27  inv_mpu.o(.constdata)
    .constdata                               0x0800807e   Section       12  inv_mpu.o(.constdata)
    .constdata                               0x0800808c   Section       40  inv_mpu.o(.constdata)
    .constdata                               0x080080b4   Section     3062  inv_mpu_dmp_motion_driver.o(.constdata)
    dmp_memory                               0x080080b4   Data        3062  inv_mpu_dmp_motion_driver.o(.constdata)
    .constdata                               0x08008cb0   Section       80  asin.o(.constdata)
    pS                                       0x08008cb0   Data          48  asin.o(.constdata)
    qS                                       0x08008ce0   Data          32  asin.o(.constdata)
    .constdata                               0x08008d00   Section      152  atan.o(.constdata)
    atanhi                                   0x08008d00   Data          32  atan.o(.constdata)
    atanlo                                   0x08008d20   Data          32  atan.o(.constdata)
    aTodd                                    0x08008d40   Data          40  atan.o(.constdata)
    aTeven                                   0x08008d68   Data          48  atan.o(.constdata)
    .constdata                               0x08008d98   Section        8  qnan.o(.constdata)
    .constdata                               0x08008da0   Section       32  rredf.o(.constdata)
    twooverpi                                0x08008da0   Data          32  rredf.o(.constdata)
    .conststring                             0x08008dc0   Section       77  inv_mpu.o(.conststring)
    .data                                    0x20000000   Section       68  main.o(.data)
    .data                                    0x20000044   Section        4  usart.o(.data)
    .data                                    0x20000048   Section       12  stm32f1xx_hal.o(.data)
    .data                                    0x20000054   Section        4  system_stm32f1xx.o(.data)
    .data                                    0x20000058   Section       53  inv_mpu.o(.data)
    st                                       0x20000058   Data          44  inv_mpu.o(.data)
    gyro_orientation                         0x20000084   Data           9  inv_mpu.o(.data)
    .data                                    0x20000090   Section      224  pid.o(.data)
    .data                                    0x20000170   Section        4  errno.o(.data)
    _errno                                   0x20000170   Data           4  errno.o(.data)
    .bss                                     0x20000174   Section      320  main.o(.bss)
    .bss                                     0x200002b4   Section       84  i2c.o(.bss)
    .bss                                     0x20000308   Section      156  spi.o(.bss)
    .bss                                     0x200003a4   Section      432  tim.o(.bss)
    .bss                                     0x20000554   Section      212  usart.o(.bss)
    .bss                                     0x20000628   Section      218  ws2812.o(.bss)
    Pixelset                                 0x20000628   Data          24  ws2812.o(.bss)
    SPI_Buffer1                              0x20000640   Data         194  ws2812.o(.bss)
    .bss                                     0x20000704   Section       16  inv_mpu_dmp_motion_driver.o(.bss)
    dmp                                      0x20000704   Data          16  inv_mpu_dmp_motion_driver.o(.bss)
    STACK                                    0x20000718   Section     1024  startup_stm32f103xe.o(STACK)

    Global Symbols

    Symbol Name                              Value     Ov Type        Size  Object(Section)

    BuildAttributes$$THM_ISAv4$P$D$K$B$S$PE$A:L22UL41UL21$X:L11$S22US41US21$IEEE1$IW$USESV6$~STKCKD$USESV7$~SHL$OTIME$ROPI$IEEEX$EBA8$MICROLIB$REQ8$PRES8$EABIv2 0x00000000   Number         0  anon$$obj.o ABSOLUTE
    __ARM_use_no_argv                        0x00000000   Number         0  main.o ABSOLUTE
    _printf_a                                0x00000000   Number         0  stubs.o ABSOLUTE
    _printf_c                                0x00000000   Number         0  stubs.o ABSOLUTE
    _printf_charcount                        0x00000000   Number         0  stubs.o ABSOLUTE
    _printf_d                                0x00000000   Number         0  stubs.o ABSOLUTE
    _printf_e                                0x00000000   Number         0  stubs.o ABSOLUTE
    _printf_f                                0x00000000   Number         0  stubs.o ABSOLUTE
    _printf_flags                            0x00000000   Number         0  stubs.o ABSOLUTE
    _printf_fp_dec                           0x00000000   Number         0  stubs.o ABSOLUTE
    _printf_fp_hex                           0x00000000   Number         0  stubs.o ABSOLUTE
    _printf_g                                0x00000000   Number         0  stubs.o ABSOLUTE
    _printf_i                                0x00000000   Number         0  stubs.o ABSOLUTE
    _printf_int_dec                          0x00000000   Number         0  stubs.o ABSOLUTE
    _printf_l                                0x00000000   Number         0  stubs.o ABSOLUTE
    _printf_lc                               0x00000000   Number         0  stubs.o ABSOLUTE
    _printf_ll                               0x00000000   Number         0  stubs.o ABSOLUTE
    _printf_lld                              0x00000000   Number         0  stubs.o ABSOLUTE
    _printf_lli                              0x00000000   Number         0  stubs.o ABSOLUTE
    _printf_llo                              0x00000000   Number         0  stubs.o ABSOLUTE
    _printf_llu                              0x00000000   Number         0  stubs.o ABSOLUTE
    _printf_llx                              0x00000000   Number         0  stubs.o ABSOLUTE
    _printf_longlong_dec                     0x00000000   Number         0  stubs.o ABSOLUTE
    _printf_longlong_hex                     0x00000000   Number         0  stubs.o ABSOLUTE
    _printf_longlong_oct                     0x00000000   Number         0  stubs.o ABSOLUTE
    _printf_ls                               0x00000000   Number         0  stubs.o ABSOLUTE
    _printf_mbtowc                           0x00000000   Number         0  stubs.o ABSOLUTE
    _printf_n                                0x00000000   Number         0  stubs.o ABSOLUTE
    _printf_o                                0x00000000   Number         0  stubs.o ABSOLUTE
    _printf_p                                0x00000000   Number         0  stubs.o ABSOLUTE
    _printf_percent                          0x00000000   Number         0  stubs.o ABSOLUTE
    _printf_pre_padding                      0x00000000   Number         0  stubs.o ABSOLUTE
    _printf_return_value                     0x00000000   Number         0  stubs.o ABSOLUTE
    _printf_s                                0x00000000   Number         0  stubs.o ABSOLUTE
    _printf_sizespec                         0x00000000   Number         0  stubs.o ABSOLUTE
    _printf_str                              0x00000000   Number         0  stubs.o ABSOLUTE
    _printf_truncate_signed                  0x00000000   Number         0  stubs.o ABSOLUTE
    _printf_truncate_unsigned                0x00000000   Number         0  stubs.o ABSOLUTE
    _printf_u                                0x00000000   Number         0  stubs.o ABSOLUTE
    _printf_wc                               0x00000000   Number         0  stubs.o ABSOLUTE
    _printf_wctomb                           0x00000000   Number         0  stubs.o ABSOLUTE
    _printf_widthprec                        0x00000000   Number         0  stubs.o ABSOLUTE
    _printf_x                                0x00000000   Number         0  stubs.o ABSOLUTE
    __arm_fini_                               - Undefined Weak Reference
    __cpp_initialize__aeabi_                  - Undefined Weak Reference
    __cxa_finalize                            - Undefined Weak Reference
    _clock_init                               - Undefined Weak Reference
    _microlib_exit                            - Undefined Weak Reference
    __Vectors_Size                           0x00000130   Number         0  startup_stm32f103xe.o ABSOLUTE
    __Vectors                                0x08000000   Data           4  startup_stm32f103xe.o(RESET)
    __Vectors_End                            0x08000130   Data           0  startup_stm32f103xe.o(RESET)
    __main                                   0x08000131   Thumb Code     0  entry.o(.ARM.Collect$$$$00000000)
    _main_stk                                0x08000131   Thumb Code     0  entry2.o(.ARM.Collect$$$$00000001)
    _main_scatterload                        0x08000135   Thumb Code     0  entry5.o(.ARM.Collect$$$$00000004)
    __main_after_scatterload                 0x08000139   Thumb Code     0  entry5.o(.ARM.Collect$$$$00000004)
    _main_clock                              0x08000139   Thumb Code     0  entry7b.o(.ARM.Collect$$$$00000008)
    _main_cpp_init                           0x08000139   Thumb Code     0  entry8b.o(.ARM.Collect$$$$0000000A)
    _main_init                               0x08000139   Thumb Code     0  entry9a.o(.ARM.Collect$$$$0000000B)
    __rt_lib_shutdown_fini                   0x08000141   Thumb Code     0  entry12b.o(.ARM.Collect$$$$0000000E)
    __rt_final_cpp                           0x08000145   Thumb Code     0  entry10a.o(.ARM.Collect$$$$0000000F)
    __rt_final_exit                          0x08000145   Thumb Code     0  entry11a.o(.ARM.Collect$$$$00000011)
    Reset_Handler                            0x08000149   Thumb Code     8  startup_stm32f103xe.o(.text)
    ADC1_2_IRQHandler                        0x08000163   Thumb Code     0  startup_stm32f103xe.o(.text)
    ADC3_IRQHandler                          0x08000163   Thumb Code     0  startup_stm32f103xe.o(.text)
    CAN1_RX1_IRQHandler                      0x08000163   Thumb Code     0  startup_stm32f103xe.o(.text)
    CAN1_SCE_IRQHandler                      0x08000163   Thumb Code     0  startup_stm32f103xe.o(.text)
    DMA1_Channel1_IRQHandler                 0x08000163   Thumb Code     0  startup_stm32f103xe.o(.text)
    DMA1_Channel2_IRQHandler                 0x08000163   Thumb Code     0  startup_stm32f103xe.o(.text)
    DMA1_Channel4_IRQHandler                 0x08000163   Thumb Code     0  startup_stm32f103xe.o(.text)
    DMA1_Channel6_IRQHandler                 0x08000163   Thumb Code     0  startup_stm32f103xe.o(.text)
    DMA1_Channel7_IRQHandler                 0x08000163   Thumb Code     0  startup_stm32f103xe.o(.text)
    DMA2_Channel1_IRQHandler                 0x08000163   Thumb Code     0  startup_stm32f103xe.o(.text)
    DMA2_Channel2_IRQHandler                 0x08000163   Thumb Code     0  startup_stm32f103xe.o(.text)
    DMA2_Channel3_IRQHandler                 0x08000163   Thumb Code     0  startup_stm32f103xe.o(.text)
    DMA2_Channel4_5_IRQHandler               0x08000163   Thumb Code     0  startup_stm32f103xe.o(.text)
    EXTI0_IRQHandler                         0x08000163   Thumb Code     0  startup_stm32f103xe.o(.text)
    EXTI15_10_IRQHandler                     0x08000163   Thumb Code     0  startup_stm32f103xe.o(.text)
    EXTI1_IRQHandler                         0x08000163   Thumb Code     0  startup_stm32f103xe.o(.text)
    EXTI2_IRQHandler                         0x08000163   Thumb Code     0  startup_stm32f103xe.o(.text)
    EXTI3_IRQHandler                         0x08000163   Thumb Code     0  startup_stm32f103xe.o(.text)
    EXTI4_IRQHandler                         0x08000163   Thumb Code     0  startup_stm32f103xe.o(.text)
    EXTI9_5_IRQHandler                       0x08000163   Thumb Code     0  startup_stm32f103xe.o(.text)
    FLASH_IRQHandler                         0x08000163   Thumb Code     0  startup_stm32f103xe.o(.text)
    FSMC_IRQHandler                          0x08000163   Thumb Code     0  startup_stm32f103xe.o(.text)
    I2C1_ER_IRQHandler                       0x08000163   Thumb Code     0  startup_stm32f103xe.o(.text)
    I2C1_EV_IRQHandler                       0x08000163   Thumb Code     0  startup_stm32f103xe.o(.text)
    I2C2_ER_IRQHandler                       0x08000163   Thumb Code     0  startup_stm32f103xe.o(.text)
    I2C2_EV_IRQHandler                       0x08000163   Thumb Code     0  startup_stm32f103xe.o(.text)
    PVD_IRQHandler                           0x08000163   Thumb Code     0  startup_stm32f103xe.o(.text)
    RCC_IRQHandler                           0x08000163   Thumb Code     0  startup_stm32f103xe.o(.text)
    RTC_Alarm_IRQHandler                     0x08000163   Thumb Code     0  startup_stm32f103xe.o(.text)
    RTC_IRQHandler                           0x08000163   Thumb Code     0  startup_stm32f103xe.o(.text)
    SDIO_IRQHandler                          0x08000163   Thumb Code     0  startup_stm32f103xe.o(.text)
    SPI1_IRQHandler                          0x08000163   Thumb Code     0  startup_stm32f103xe.o(.text)
    SPI2_IRQHandler                          0x08000163   Thumb Code     0  startup_stm32f103xe.o(.text)
    SPI3_IRQHandler                          0x08000163   Thumb Code     0  startup_stm32f103xe.o(.text)
    TAMPER_IRQHandler                        0x08000163   Thumb Code     0  startup_stm32f103xe.o(.text)
    TIM1_BRK_IRQHandler                      0x08000163   Thumb Code     0  startup_stm32f103xe.o(.text)
    TIM1_CC_IRQHandler                       0x08000163   Thumb Code     0  startup_stm32f103xe.o(.text)
    TIM1_TRG_COM_IRQHandler                  0x08000163   Thumb Code     0  startup_stm32f103xe.o(.text)
    TIM1_UP_IRQHandler                       0x08000163   Thumb Code     0  startup_stm32f103xe.o(.text)
    TIM2_IRQHandler                          0x08000163   Thumb Code     0  startup_stm32f103xe.o(.text)
    TIM3_IRQHandler                          0x08000163   Thumb Code     0  startup_stm32f103xe.o(.text)
    TIM4_IRQHandler                          0x08000163   Thumb Code     0  startup_stm32f103xe.o(.text)
    TIM5_IRQHandler                          0x08000163   Thumb Code     0  startup_stm32f103xe.o(.text)
    TIM7_IRQHandler                          0x08000163   Thumb Code     0  startup_stm32f103xe.o(.text)
    TIM8_BRK_IRQHandler                      0x08000163   Thumb Code     0  startup_stm32f103xe.o(.text)
    TIM8_CC_IRQHandler                       0x08000163   Thumb Code     0  startup_stm32f103xe.o(.text)
    TIM8_TRG_COM_IRQHandler                  0x08000163   Thumb Code     0  startup_stm32f103xe.o(.text)
    TIM8_UP_IRQHandler                       0x08000163   Thumb Code     0  startup_stm32f103xe.o(.text)
    UART4_IRQHandler                         0x08000163   Thumb Code     0  startup_stm32f103xe.o(.text)
    UART5_IRQHandler                         0x08000163   Thumb Code     0  startup_stm32f103xe.o(.text)
    USART2_IRQHandler                        0x08000163   Thumb Code     0  startup_stm32f103xe.o(.text)
    USBWakeUp_IRQHandler                     0x08000163   Thumb Code     0  startup_stm32f103xe.o(.text)
    USB_HP_CAN1_TX_IRQHandler                0x08000163   Thumb Code     0  startup_stm32f103xe.o(.text)
    USB_LP_CAN1_RX0_IRQHandler               0x08000163   Thumb Code     0  startup_stm32f103xe.o(.text)
    WWDG_IRQHandler                          0x08000163   Thumb Code     0  startup_stm32f103xe.o(.text)
    __aeabi_llsr                             0x0800016d   Thumb Code    32  llushr.o(.text)
    _ll_ushift_r                             0x0800016d   Thumb Code     0  llushr.o(.text)
    __aeabi_memset                           0x0800018d   Thumb Code    14  memseta.o(.text)
    __aeabi_memset4                          0x0800018d   Thumb Code     0  memseta.o(.text)
    __aeabi_memset8                          0x0800018d   Thumb Code     0  memseta.o(.text)
    __aeabi_memclr                           0x0800019b   Thumb Code     4  memseta.o(.text)
    __aeabi_memclr4                          0x0800019b   Thumb Code     0  memseta.o(.text)
    __aeabi_memclr8                          0x0800019b   Thumb Code     0  memseta.o(.text)
    _memset$wrapper                          0x0800019f   Thumb Code    18  memseta.o(.text)
    strstr                                   0x080001b1   Thumb Code    36  strstr.o(.text)
    strlen                                   0x080001d5   Thumb Code    14  strlen.o(.text)
    memcmp                                   0x080001e3   Thumb Code    26  memcmp.o(.text)
    __aeabi_fadd                             0x080001fd   Thumb Code   164  fadd.o(.text)
    __aeabi_fsub                             0x080002a1   Thumb Code     6  fadd.o(.text)
    __aeabi_frsub                            0x080002a7   Thumb Code     6  fadd.o(.text)
    __aeabi_fmul                             0x080002ad   Thumb Code   100  fmul.o(.text)
    __aeabi_fdiv                             0x08000311   Thumb Code   124  fdiv.o(.text)
    __ARM_scalbnf                            0x0800038d   Thumb Code    24  fscalb.o(.text)
    scalbnf                                  0x0800038d   Thumb Code     0  fscalb.o(.text)
    __aeabi_dadd                             0x080003a5   Thumb Code   322  dadd.o(.text)
    __aeabi_dsub                             0x080004e7   Thumb Code     6  dadd.o(.text)
    __aeabi_drsub                            0x080004ed   Thumb Code     6  dadd.o(.text)
    __aeabi_dmul                             0x080004f3   Thumb Code   228  dmul.o(.text)
    __aeabi_ddiv                             0x080005d7   Thumb Code   222  ddiv.o(.text)
    __aeabi_i2f                              0x080006b5   Thumb Code    18  fflti.o(.text)
    __aeabi_ui2f                             0x080006c7   Thumb Code    10  ffltui.o(.text)
    __aeabi_f2iz                             0x080006d1   Thumb Code    50  ffixi.o(.text)
    __aeabi_f2uiz                            0x08000703   Thumb Code    40  ffixui.o(.text)
    __aeabi_f2d                              0x0800072b   Thumb Code    38  f2d.o(.text)
    __aeabi_d2f                              0x08000751   Thumb Code    56  d2f.o(.text)
    __aeabi_uidiv                            0x08000789   Thumb Code     0  uidiv.o(.text)
    __aeabi_uidivmod                         0x08000789   Thumb Code    44  uidiv.o(.text)
    __aeabi_uldivmod                         0x080007b5   Thumb Code    98  uldiv.o(.text)
    __aeabi_llsl                             0x08000817   Thumb Code    30  llshl.o(.text)
    _ll_shift_l                              0x08000817   Thumb Code     0  llshl.o(.text)
    __aeabi_lasr                             0x08000835   Thumb Code    36  llsshr.o(.text)
    _ll_sshift_r                             0x08000835   Thumb Code     0  llsshr.o(.text)
    __I$use$fp                               0x08000859   Thumb Code     0  iusefp.o(.text)
    _float_round                             0x08000859   Thumb Code    18  fepilogue.o(.text)
    _float_epilogue                          0x0800086b   Thumb Code    92  fepilogue.o(.text)
    _fsqrt                                   0x080008c7   Thumb Code    94  fsqrt.o(.text)
    _frnd                                    0x08000925   Thumb Code    60  frnd.o(.text)
    _frem                                    0x08000961   Thumb Code    82  frem.o(.text)
    _double_round                            0x080009b3   Thumb Code    30  depilogue.o(.text)
    _double_epilogue                         0x080009d1   Thumb Code   156  depilogue.o(.text)
    __ARM_scalbn                             0x08000a6d   Thumb Code    46  dscalb.o(.text)
    scalbn                                   0x08000a6d   Thumb Code     0  dscalb.o(.text)
    __aeabi_d2ulz                            0x08000a9b   Thumb Code    48  dfixul.o(.text)
    __aeabi_cdcmpeq                          0x08000acd   Thumb Code     0  cdcmple.o(.text)
    __aeabi_cdcmple                          0x08000acd   Thumb Code    48  cdcmple.o(.text)
    __aeabi_cdrcmple                         0x08000afd   Thumb Code    48  cdrcmple.o(.text)
    __scatterload                            0x08000b2d   Thumb Code    28  init.o(.text)
    __scatterload_rt2                        0x08000b2d   Thumb Code     0  init.o(.text)
    _dsqrt                                   0x08000b51   Thumb Code   162  dsqrt.o(.text)
    __decompress                             0x08000bf3   Thumb Code     0  __dczerorl.o(.text)
    __decompress0                            0x08000bf3   Thumb Code    58  __dczerorl.o(.text)
    Backward_Kinematics                      0x08000c2d   Thumb Code   106  motor.o(i.Backward_Kinematics)
    BusFault_Handler                         0x08000ca9   Thumb Code     2  stm32f1xx_it.o(i.BusFault_Handler)
    DMA1_Channel3_IRQHandler                 0x08000cad   Thumb Code     6  stm32f1xx_it.o(i.DMA1_Channel3_IRQHandler)
    DMA1_Channel5_IRQHandler                 0x08000cb9   Thumb Code     6  stm32f1xx_it.o(i.DMA1_Channel5_IRQHandler)
    DebugMon_Handler                         0x08000cef   Thumb Code     2  stm32f1xx_it.o(i.DebugMon_Handler)
    Error_Handler                            0x08000cf1   Thumb Code    20  main.o(i.Error_Handler)
    Forward_Kinematics                       0x08000d11   Thumb Code   144  motor.o(i.Forward_Kinematics)
    HAL_DMA_Abort                            0x08000db1   Thumb Code    70  stm32f1xx_hal_dma.o(i.HAL_DMA_Abort)
    HAL_DMA_Abort_IT                         0x08000df9   Thumb Code   296  stm32f1xx_hal_dma.o(i.HAL_DMA_Abort_IT)
    HAL_DMA_IRQHandler                       0x08000f29   Thumb Code   552  stm32f1xx_hal_dma.o(i.HAL_DMA_IRQHandler)
    HAL_DMA_Init                             0x08001171   Thumb Code   112  stm32f1xx_hal_dma.o(i.HAL_DMA_Init)
    HAL_DMA_Start_IT                         0x080011ed   Thumb Code   112  stm32f1xx_hal_dma.o(i.HAL_DMA_Start_IT)
    HAL_Delay                                0x0800125d   Thumb Code    32  stm32f1xx_hal.o(i.HAL_Delay)
    HAL_GPIO_Init                            0x08001281   Thumb Code   462  stm32f1xx_hal_gpio.o(i.HAL_GPIO_Init)
    HAL_GPIO_WritePin                        0x08001479   Thumb Code    10  stm32f1xx_hal_gpio.o(i.HAL_GPIO_WritePin)
    HAL_GetTick                              0x08001485   Thumb Code     6  stm32f1xx_hal.o(i.HAL_GetTick)
    HAL_I2C_Init                             0x08001491   Thumb Code   376  stm32f1xx_hal_i2c.o(i.HAL_I2C_Init)
    HAL_I2C_Mem_Read                         0x08001619   Thumb Code   586  stm32f1xx_hal_i2c.o(i.HAL_I2C_Mem_Read)
    HAL_I2C_Mem_Write                        0x08001875   Thumb Code   294  stm32f1xx_hal_i2c.o(i.HAL_I2C_Mem_Write)
    HAL_I2C_MspInit                          0x080019a5   Thumb Code   112  i2c.o(i.HAL_I2C_MspInit)
    HAL_IncTick                              0x08001a25   Thumb Code    12  stm32f1xx_hal.o(i.HAL_IncTick)
    HAL_Init                                 0x08001a35   Thumb Code    32  stm32f1xx_hal.o(i.HAL_Init)
    HAL_InitTick                             0x08001a59   Thumb Code    54  stm32f1xx_hal.o(i.HAL_InitTick)
    HAL_MspInit                              0x08001a99   Thumb Code    52  stm32f1xx_hal_msp.o(i.HAL_MspInit)
    HAL_NVIC_EnableIRQ                       0x08001ad5   Thumb Code    26  stm32f1xx_hal_cortex.o(i.HAL_NVIC_EnableIRQ)
    HAL_NVIC_SetPriority                     0x08001af1   Thumb Code    60  stm32f1xx_hal_cortex.o(i.HAL_NVIC_SetPriority)
    HAL_NVIC_SetPriorityGrouping             0x08001b31   Thumb Code    26  stm32f1xx_hal_cortex.o(i.HAL_NVIC_SetPriorityGrouping)
    HAL_RCC_ClockConfig                      0x08001b55   Thumb Code   280  stm32f1xx_hal_rcc.o(i.HAL_RCC_ClockConfig)
    HAL_RCC_GetPCLK1Freq                     0x08001c81   Thumb Code    20  stm32f1xx_hal_rcc.o(i.HAL_RCC_GetPCLK1Freq)
    HAL_RCC_GetPCLK2Freq                     0x08001ca1   Thumb Code    20  stm32f1xx_hal_rcc.o(i.HAL_RCC_GetPCLK2Freq)
    HAL_RCC_GetSysClockFreq                  0x08001cc1   Thumb Code    58  stm32f1xx_hal_rcc.o(i.HAL_RCC_GetSysClockFreq)
    HAL_RCC_OscConfig                        0x08001d0d   Thumb Code   778  stm32f1xx_hal_rcc.o(i.HAL_RCC_OscConfig)
    HAL_SPI_ErrorCallback                    0x0800202d   Thumb Code     2  stm32f1xx_hal_spi.o(i.HAL_SPI_ErrorCallback)
    HAL_SPI_Init                             0x0800202f   Thumb Code   178  stm32f1xx_hal_spi.o(i.HAL_SPI_Init)
    HAL_SPI_MspInit                          0x080020e1   Thumb Code   126  spi.o(i.HAL_SPI_MspInit)
    HAL_SPI_Transmit_DMA                     0x08002175   Thumb Code   190  stm32f1xx_hal_spi.o(i.HAL_SPI_Transmit_DMA)
    HAL_SPI_TxCpltCallback                   0x08002241   Thumb Code     2  stm32f1xx_hal_spi.o(i.HAL_SPI_TxCpltCallback)
    HAL_SPI_TxHalfCpltCallback               0x08002243   Thumb Code     2  stm32f1xx_hal_spi.o(i.HAL_SPI_TxHalfCpltCallback)
    HAL_SYSTICK_Config                       0x08002245   Thumb Code    40  stm32f1xx_hal_cortex.o(i.HAL_SYSTICK_Config)
    HAL_TIMEx_BreakCallback                  0x0800226d   Thumb Code     2  stm32f1xx_hal_tim_ex.o(i.HAL_TIMEx_BreakCallback)
    HAL_TIMEx_CommutCallback                 0x0800226f   Thumb Code     2  stm32f1xx_hal_tim_ex.o(i.HAL_TIMEx_CommutCallback)
    HAL_TIMEx_MasterConfigSynchronization    0x08002271   Thumb Code   104  stm32f1xx_hal_tim_ex.o(i.HAL_TIMEx_MasterConfigSynchronization)
    HAL_TIM_Base_Init                        0x080022ed   Thumb Code    90  stm32f1xx_hal_tim.o(i.HAL_TIM_Base_Init)
    HAL_TIM_Base_MspInit                     0x08002349   Thumb Code    72  tim.o(i.HAL_TIM_Base_MspInit)
    HAL_TIM_Base_Start                       0x0800239d   Thumb Code    78  stm32f1xx_hal_tim.o(i.HAL_TIM_Base_Start)
    HAL_TIM_Base_Start_IT                    0x08002401   Thumb Code    88  stm32f1xx_hal_tim.o(i.HAL_TIM_Base_Start_IT)
    HAL_TIM_ConfigClockSource                0x0800246d   Thumb Code   220  stm32f1xx_hal_tim.o(i.HAL_TIM_ConfigClockSource)
    HAL_TIM_Encoder_Init                     0x08002549   Thumb Code   164  stm32f1xx_hal_tim.o(i.HAL_TIM_Encoder_Init)
    HAL_TIM_Encoder_MspInit                  0x080025ed   Thumb Code   296  tim.o(i.HAL_TIM_Encoder_MspInit)
    HAL_TIM_Encoder_Start                    0x08002735   Thumb Code   142  stm32f1xx_hal_tim.o(i.HAL_TIM_Encoder_Start)
    HAL_TIM_IC_CaptureCallback               0x080027c3   Thumb Code     2  stm32f1xx_hal_tim.o(i.HAL_TIM_IC_CaptureCallback)
    HAL_TIM_IRQHandler                       0x080027c5   Thumb Code   304  stm32f1xx_hal_tim.o(i.HAL_TIM_IRQHandler)
    HAL_TIM_MspPostInit                      0x080028f5   Thumb Code    62  tim.o(i.HAL_TIM_MspPostInit)
    HAL_TIM_OC_DelayElapsedCallback          0x08002941   Thumb Code     2  stm32f1xx_hal_tim.o(i.HAL_TIM_OC_DelayElapsedCallback)
    HAL_TIM_PWM_ConfigChannel                0x08002943   Thumb Code   204  stm32f1xx_hal_tim.o(i.HAL_TIM_PWM_ConfigChannel)
    HAL_TIM_PWM_Init                         0x08002a0f   Thumb Code    90  stm32f1xx_hal_tim.o(i.HAL_TIM_PWM_Init)
    HAL_TIM_PWM_MspInit                      0x08002a69   Thumb Code     2  stm32f1xx_hal_tim.o(i.HAL_TIM_PWM_MspInit)
    HAL_TIM_PWM_PulseFinishedCallback        0x08002a6b   Thumb Code     2  stm32f1xx_hal_tim.o(i.HAL_TIM_PWM_PulseFinishedCallback)
    HAL_TIM_PWM_Start                        0x08002a6d   Thumb Code   160  stm32f1xx_hal_tim.o(i.HAL_TIM_PWM_Start)
    HAL_TIM_PeriodElapsedCallback            0x08002b21   Thumb Code   346  main.o(i.HAL_TIM_PeriodElapsedCallback)
    HAL_TIM_TriggerCallback                  0x08002ca9   Thumb Code     2  stm32f1xx_hal_tim.o(i.HAL_TIM_TriggerCallback)
    HAL_UARTEx_ReceiveToIdle_DMA             0x08002cab   Thumb Code    74  stm32f1xx_hal_uart.o(i.HAL_UARTEx_ReceiveToIdle_DMA)
    HAL_UARTEx_ReceiveToIdle_IT              0x08002cf5   Thumb Code    78  stm32f1xx_hal_uart.o(i.HAL_UARTEx_ReceiveToIdle_IT)
    HAL_UARTEx_RxEventCallback               0x08002d45   Thumb Code   360  main.o(i.HAL_UARTEx_RxEventCallback)
    HAL_UART_ErrorCallback                   0x08002f1d   Thumb Code     2  stm32f1xx_hal_uart.o(i.HAL_UART_ErrorCallback)
    HAL_UART_IRQHandler                      0x08002f21   Thumb Code   616  stm32f1xx_hal_uart.o(i.HAL_UART_IRQHandler)
    HAL_UART_Init                            0x0800318d   Thumb Code   100  stm32f1xx_hal_uart.o(i.HAL_UART_Init)
    HAL_UART_MspInit                         0x080031f1   Thumb Code   276  usart.o(i.HAL_UART_MspInit)
    HAL_UART_RxCpltCallback                  0x08003325   Thumb Code     2  stm32f1xx_hal_uart.o(i.HAL_UART_RxCpltCallback)
    HAL_UART_RxHalfCpltCallback              0x08003327   Thumb Code     2  stm32f1xx_hal_uart.o(i.HAL_UART_RxHalfCpltCallback)
    HAL_UART_Transmit                        0x08003329   Thumb Code   160  stm32f1xx_hal_uart.o(i.HAL_UART_Transmit)
    HAL_UART_TxCpltCallback                  0x080033c9   Thumb Code     2  stm32f1xx_hal_uart.o(i.HAL_UART_TxCpltCallback)
    HardFault_Handler                        0x080033cb   Thumb Code     2  stm32f1xx_it.o(i.HardFault_Handler)
    MPU_Init                                 0x0800380b   Thumb Code   114  mpu6050.o(i.MPU_Init)
    MPU_Read_Byte                            0x0800387d   Thumb Code    34  mpu6050.o(i.MPU_Read_Byte)
    MPU_Read_Len                             0x080038a5   Thumb Code    26  mpu6050.o(i.MPU_Read_Len)
    MPU_Set_Accel_Fsr                        0x080038c5   Thumb Code    10  mpu6050.o(i.MPU_Set_Accel_Fsr)
    MPU_Set_Gyro_Fsr                         0x080038cf   Thumb Code    10  mpu6050.o(i.MPU_Set_Gyro_Fsr)
    MPU_Set_LPF                              0x080038d9   Thumb Code    48  mpu6050.o(i.MPU_Set_LPF)
    MPU_Set_Rate                             0x08003909   Thumb Code    46  mpu6050.o(i.MPU_Set_Rate)
    MPU_Write_Byte                           0x08003939   Thumb Code    32  mpu6050.o(i.MPU_Write_Byte)
    MPU_Write_Len                            0x0800395d   Thumb Code    26  mpu6050.o(i.MPU_Write_Len)
    MX_DMA_Init                              0x0800397d   Thumb Code    56  dma.o(i.MX_DMA_Init)
    MX_GPIO_Init                             0x080039b9   Thumb Code   196  gpio.o(i.MX_GPIO_Init)
    MX_I2C1_Init                             0x08003a8d   Thumb Code    50  i2c.o(i.MX_I2C1_Init)
    MX_SPI1_Init                             0x08003acd   Thumb Code    62  spi.o(i.MX_SPI1_Init)
    MX_TIM1_Init                             0x08003b15   Thumb Code   106  tim.o(i.MX_TIM1_Init)
    MX_TIM2_Init                             0x08003b89   Thumb Code   104  tim.o(i.MX_TIM2_Init)
    MX_TIM3_Init                             0x08003bf5   Thumb Code   104  tim.o(i.MX_TIM3_Init)
    MX_TIM5_Init                             0x08003c65   Thumb Code   192  tim.o(i.MX_TIM5_Init)
    MX_TIM6_Init                             0x08003d2d   Thumb Code    64  tim.o(i.MX_TIM6_Init)
    MX_TIM8_Init                             0x08003d75   Thumb Code   104  tim.o(i.MX_TIM8_Init)
    MX_USART1_UART_Init                      0x08003de5   Thumb Code    48  usart.o(i.MX_USART1_UART_Init)
    MX_USART3_UART_Init                      0x08003e1d   Thumb Code    48  usart.o(i.MX_USART3_UART_Init)
    MemManage_Handler                        0x08003e55   Thumb Code     2  stm32f1xx_it.o(i.MemManage_Handler)
    NMI_Handler                              0x08003e57   Thumb Code     2  stm32f1xx_it.o(i.NMI_Handler)
    PID_increment                            0x08003e59   Thumb Code    96  pid.o(i.PID_increment)
    PID_location                             0x08003eb9   Thumb Code   112  pid.o(i.PID_location)
    PID_mode1                                0x08003f39   Thumb Code   280  pid.o(i.PID_mode1)
    PID_mode2                                0x08004069   Thumb Code   128  pid.o(i.PID_mode2)
    PID_yaw                                  0x08004101   Thumb Code   138  pid.o(i.PID_yaw)
    PendSV_Handler                           0x080041a1   Thumb Code     2  stm32f1xx_it.o(i.PendSV_Handler)
    RGB_SetFullColor                         0x080041a5   Thumb Code    50  ws2812.o(i.RGB_SetFullColor)
    RGBset_mode1                             0x080041d9   Thumb Code   122  ws2812.o(i.RGBset_mode1)
    RGBset_mode2                             0x08004269   Thumb Code   194  ws2812.o(i.RGBset_mode2)
    RGBset_mode3                             0x08004355   Thumb Code    78  ws2812.o(i.RGBset_mode3)
    RGBset_mode4                             0x080043b1   Thumb Code    82  ws2812.o(i.RGBset_mode4)
    RGBset_mode5                             0x08004411   Thumb Code    98  ws2812.o(i.RGBset_mode5)
    RGBset_mode6                             0x08004481   Thumb Code    98  ws2812.o(i.RGBset_mode6)
    RGBset_mode7                             0x080044f1   Thumb Code   144  ws2812.o(i.RGBset_mode7)
    RGBset_mode8                             0x08004599   Thumb Code    82  ws2812.o(i.RGBset_mode8)
    SVC_Handler                              0x08004775   Thumb Code     2  stm32f1xx_it.o(i.SVC_Handler)
    SysTick_Handler                          0x08004777   Thumb Code     4  stm32f1xx_it.o(i.SysTick_Handler)
    SystemClock_Config                       0x0800477b   Thumb Code    88  main.o(i.SystemClock_Config)
    SystemInit                               0x080047d3   Thumb Code     2  system_stm32f1xx.o(i.SystemInit)
    TIM6_IRQHandler                          0x080047d5   Thumb Code     6  stm32f1xx_it.o(i.TIM6_IRQHandler)
    TIM_Base_SetConfig                       0x080047e1   Thumb Code   134  stm32f1xx_hal_tim.o(i.TIM_Base_SetConfig)
    TIM_CCxChannelCmd                        0x0800487d   Thumb Code    26  stm32f1xx_hal_tim.o(i.TIM_CCxChannelCmd)
    TIM_ETR_SetConfig                        0x08004897   Thumb Code    20  stm32f1xx_hal_tim.o(i.TIM_ETR_SetConfig)
    TIM_OC2_SetConfig                        0x0800491d   Thumb Code    98  stm32f1xx_hal_tim.o(i.TIM_OC2_SetConfig)
    UART_Start_Receive_DMA                   0x08004d69   Thumb Code   130  stm32f1xx_hal_uart.o(i.UART_Start_Receive_DMA)
    UART_Start_Receive_IT                    0x08004df9   Thumb Code    54  stm32f1xx_hal_uart.o(i.UART_Start_Receive_IT)
    USART1_IRQHandler                        0x08004ea1   Thumb Code     6  stm32f1xx_it.o(i.USART1_IRQHandler)
    USART3_IRQHandler                        0x08004ead   Thumb Code     6  stm32f1xx_it.o(i.USART3_IRQHandler)
    UsageFault_Handler                       0x08004eb9   Thumb Code     2  stm32f1xx_it.o(i.UsageFault_Handler)
    __0printf                                0x08004f69   Thumb Code    22  printfa.o(i.__0printf)
    __1printf                                0x08004f69   Thumb Code     0  printfa.o(i.__0printf)
    __2printf                                0x08004f69   Thumb Code     0  printfa.o(i.__0printf)
    __c89printf                              0x08004f69   Thumb Code     0  printfa.o(i.__0printf)
    printf                                   0x08004f69   Thumb Code     0  printfa.o(i.__0printf)
    __ARM_fpclassify                         0x08004f89   Thumb Code    40  fpclassify.o(i.__ARM_fpclassify)
    __ARM_fpclassifyf                        0x08004fb1   Thumb Code    38  fpclassifyf.o(i.__ARM_fpclassifyf)
    __kernel_poly                            0x08004ff7   Thumb Code   170  poly.o(i.__kernel_poly)
    __mathlib_dbl_infnan                     0x080050a1   Thumb Code     6  dunder.o(i.__mathlib_dbl_infnan)
    __mathlib_dbl_infnan2                    0x080050a7   Thumb Code     4  dunder.o(i.__mathlib_dbl_infnan2)
    __mathlib_dbl_invalid                    0x080050ab   Thumb Code    12  dunder.o(i.__mathlib_dbl_invalid)
    __mathlib_dbl_underflow                  0x080050b9   Thumb Code    10  dunder.o(i.__mathlib_dbl_underflow)
    __mathlib_flt_infnan                     0x080050c9   Thumb Code     6  funder.o(i.__mathlib_flt_infnan)
    __mathlib_flt_infnan2                    0x080050cf   Thumb Code     4  funder.o(i.__mathlib_flt_infnan2)
    __mathlib_flt_invalid                    0x080050d3   Thumb Code     8  funder.o(i.__mathlib_flt_invalid)
    __mathlib_flt_underflow                  0x080050db   Thumb Code    10  funder.o(i.__mathlib_flt_underflow)
    __mathlib_rredf2                         0x080050e5   Thumb Code   344  rredf.o(i.__mathlib_rredf2)
    __scatterload_copy                       0x0800524d   Thumb Code    14  handlers.o(i.__scatterload_copy)
    __scatterload_null                       0x0800525b   Thumb Code     2  handlers.o(i.__scatterload_null)
    __scatterload_zeroinit                   0x0800525d   Thumb Code    14  handlers.o(i.__scatterload_zeroinit)
    __set_errno                              0x0800526d   Thumb Code     6  errno.o(i.__set_errno)
    asin                                     0x08005b05   Thumb Code   572  asin.o(i.asin)
    atan                                     0x08005d75   Thumb Code   474  atan.o(i.atan)
    atan2                                    0x08005f95   Thumb Code   374  atan2.o(i.atan2)
    atan2f                                   0x08006131   Thumb Code   598  atan2f.o(i.atan2f)
    cosf                                     0x080063d5   Thumb Code   328  cosf.o(i.cosf)
    dmp_enable_6x_lp_quat                    0x08006551   Thumb Code    58  inv_mpu_dmp_motion_driver.o(i.dmp_enable_6x_lp_quat)
    dmp_enable_feature                       0x0800658d   Thumb Code   464  inv_mpu_dmp_motion_driver.o(i.dmp_enable_feature)
    dmp_enable_gyro_cal                      0x08006765   Thumb Code    34  inv_mpu_dmp_motion_driver.o(i.dmp_enable_gyro_cal)
    dmp_enable_lp_quat                       0x080067a1   Thumb Code    58  inv_mpu_dmp_motion_driver.o(i.dmp_enable_lp_quat)
    dmp_load_motion_driver_firmware          0x080067dd   Thumb Code    16  inv_mpu_dmp_motion_driver.o(i.dmp_load_motion_driver_firmware)
    dmp_read_fifo                            0x080067f1   Thumb Code   352  inv_mpu_dmp_motion_driver.o(i.dmp_read_fifo)
    dmp_set_fifo_rate                        0x08006955   Thumb Code    82  inv_mpu_dmp_motion_driver.o(i.dmp_set_fifo_rate)
    dmp_set_orientation                      0x080069b9   Thumb Code   246  inv_mpu_dmp_motion_driver.o(i.dmp_set_orientation)
    dmp_set_shake_reject_thresh              0x08006ac5   Thumb Code    48  inv_mpu_dmp_motion_driver.o(i.dmp_set_shake_reject_thresh)
    dmp_set_shake_reject_time                0x08006af5   Thumb Code    32  inv_mpu_dmp_motion_driver.o(i.dmp_set_shake_reject_time)
    dmp_set_shake_reject_timeout             0x08006b15   Thumb Code    32  inv_mpu_dmp_motion_driver.o(i.dmp_set_shake_reject_timeout)
    dmp_set_tap_axes                         0x08006b35   Thumb Code    64  inv_mpu_dmp_motion_driver.o(i.dmp_set_tap_axes)
    dmp_set_tap_count                        0x08006b75   Thumb Code    34  inv_mpu_dmp_motion_driver.o(i.dmp_set_tap_count)
    dmp_set_tap_thresh                       0x08006b99   Thumb Code   274  inv_mpu_dmp_motion_driver.o(i.dmp_set_tap_thresh)
    dmp_set_tap_time                         0x08006cc1   Thumb Code    32  inv_mpu_dmp_motion_driver.o(i.dmp_set_tap_time)
    dmp_set_tap_time_multi                   0x08006ce1   Thumb Code    32  inv_mpu_dmp_motion_driver.o(i.dmp_set_tap_time_multi)
    fmodf                                    0x08006d01   Thumb Code   108  fmodf.o(i.fmodf)
    fputc                                    0x08006d6d   Thumb Code    24  usart.o(i.fputc)
    inv_orientation_matrix_to_scalar         0x08006d89   Thumb Code    34  inv_mpu.o(i.inv_orientation_matrix_to_scalar)
    inv_row_2_scale                          0x08006dab   Thumb Code    72  inv_mpu.o(i.inv_row_2_scale)
    main                                     0x08006df5   Thumb Code   344  main.o(i.main)
    mget_ms                                  0x08006f79   Thumb Code     2  inv_mpu.o(i.mget_ms)
    mpu_configure_fifo                       0x08006f7d   Thumb Code    78  inv_mpu.o(i.mpu_configure_fifo)
    mpu_dmp_get_data                         0x08006fd1   Thumb Code   408  inv_mpu.o(i.mpu_dmp_get_data)
    mpu_dmp_init                             0x0800716d   Thumb Code   144  inv_mpu.o(i.mpu_dmp_init)
    mpu_get_accel_fsr                        0x08007201   Thumb Code    54  inv_mpu.o(i.mpu_get_accel_fsr)
    mpu_init                                 0x0800723d   Thumb Code   310  inv_mpu.o(i.mpu_init)
    mpu_load_firmware                        0x080073c5   Thumb Code   154  inv_mpu.o(i.mpu_load_firmware)
    mpu_lp_accel_mode                        0x08007465   Thumb Code   178  inv_mpu.o(i.mpu_lp_accel_mode)
    mpu_read_fifo_stream                     0x0800751d   Thumb Code   140  inv_mpu.o(i.mpu_read_fifo_stream)
    mpu_read_mem                             0x080075ad   Thumb Code    80  inv_mpu.o(i.mpu_read_mem)
    mpu_reset_fifo                           0x08007601   Thumb Code   346  inv_mpu.o(i.mpu_reset_fifo)
    mpu_set_accel_fsr                        0x08007761   Thumb Code    98  inv_mpu.o(i.mpu_set_accel_fsr)
    mpu_set_bypass                           0x080077c9   Thumb Code   214  inv_mpu.o(i.mpu_set_bypass)
    mpu_set_dmp_state                        0x080078a5   Thumb Code   114  inv_mpu.o(i.mpu_set_dmp_state)
    mpu_set_gyro_fsr                         0x0800791d   Thumb Code   104  inv_mpu.o(i.mpu_set_gyro_fsr)
    mpu_set_int_latched                      0x08007989   Thumb Code    94  inv_mpu.o(i.mpu_set_int_latched)
    mpu_set_lpf                              0x080079ed   Thumb Code   102  inv_mpu.o(i.mpu_set_lpf)
    mpu_set_sample_rate                      0x08007a59   Thumb Code   124  inv_mpu.o(i.mpu_set_sample_rate)
    mpu_set_sensors                          0x08007ad9   Thumb Code   178  inv_mpu.o(i.mpu_set_sensors)
    mpu_write_mem                            0x08007b91   Thumb Code    80  inv_mpu.o(i.mpu_write_mem)
    receive_value                            0x08007c19   Thumb Code   166  main.o(i.receive_value)
    set_PWM                                  0x08007cc9   Thumb Code   264  motor.o(i.set_PWM)
    sinf                                     0x08007e39   Thumb Code   338  sinf.o(i.sinf)
    sqrt                                     0x08007fc1   Thumb Code    76  sqrt.o(i.sqrt)
    sqrtf                                    0x0800800d   Thumb Code    44  sqrtf.o(i.sqrtf)
    AHBPrescTable                            0x0800804a   Data          16  system_stm32f1xx.o(.constdata)
    APBPrescTable                            0x0800805a   Data           8  system_stm32f1xx.o(.constdata)
    reg                                      0x08008062   Data          27  inv_mpu.o(.constdata)
    hw                                       0x0800807e   Data          12  inv_mpu.o(.constdata)
    test                                     0x0800808c   Data          40  inv_mpu.o(.constdata)
    __mathlib_zero                           0x08008d98   Data           8  qnan.o(.constdata)
    Region$$Table$$Base                      0x08008e10   Number         0  anon$$obj.o(Region$$Table)
    Region$$Table$$Limit                     0x08008e30   Number         0  anon$$obj.o(Region$$Table)
    clk_s                                    0x20000000   Data           4  main.o(.data)
    clk_bias                                 0x20000004   Data           4  main.o(.data)
    pitch                                    0x20000008   Data           4  main.o(.data)
    roll                                     0x2000000c   Data           4  main.o(.data)
    yaw                                      0x20000010   Data           4  main.o(.data)
    yaw_bias                                 0x20000014   Data           4  main.o(.data)
    Locationset_X                            0x20000018   Data           4  main.o(.data)
    Locationset_Y                            0x2000001c   Data           4  main.o(.data)
    Yawset                                   0x20000020   Data           4  main.o(.data)
    Carspeedset_X                            0x20000024   Data           4  main.o(.data)
    Carspeedset_Y                            0x20000028   Data           4  main.o(.data)
    Carspeedset_Z                            0x2000002c   Data           4  main.o(.data)
    mpu_flag                                 0x20000030   Data           4  main.o(.data)
    loc_flag                                 0x20000034   Data           4  main.o(.data)
    PIDmode_flag                             0x20000038   Data           4  main.o(.data)
    Lightmode_flag                           0x2000003c   Data           4  main.o(.data)
    light8_num                               0x20000040   Data           4  main.o(.data)
    __stdout                                 0x20000044   Data           4  usart.o(.data)
    uwTickFreq                               0x20000048   Data           1  stm32f1xx_hal.o(.data)
    uwTickPrio                               0x2000004c   Data           4  stm32f1xx_hal.o(.data)
    uwTick                                   0x20000050   Data           4  stm32f1xx_hal.o(.data)
    SystemCoreClock                          0x20000054   Data           4  system_stm32f1xx.o(.data)
    motor_speed                              0x20000090   Data         128  pid.o(.data)
    car_location                             0x20000110   Data          32  pid.o(.data)
    car_yaw                                  0x20000130   Data          32  pid.o(.data)
    car_rotate                               0x20000150   Data          32  pid.o(.data)
    CNT                                      0x20000174   Data          16  main.o(.bss)
    I_CNT                                    0x20000184   Data          16  main.o(.bss)
    Wheelspeed                               0x20000194   Data          16  main.o(.bss)
    Pwmset                                   0x200001a4   Data          16  main.o(.bss)
    Rx_Buffer1                               0x200001b4   Data         128  main.o(.bss)
    Rx_Buffer3                               0x20000234   Data         128  main.o(.bss)
    hi2c1                                    0x200002b4   Data          84  i2c.o(.bss)
    hspi1                                    0x20000308   Data          88  spi.o(.bss)
    hdma_spi1_tx                             0x20000360   Data          68  spi.o(.bss)
    htim1                                    0x200003a4   Data          72  tim.o(.bss)
    htim2                                    0x200003ec   Data          72  tim.o(.bss)
    htim3                                    0x20000434   Data          72  tim.o(.bss)
    htim5                                    0x2000047c   Data          72  tim.o(.bss)
    htim6                                    0x200004c4   Data          72  tim.o(.bss)
    htim8                                    0x2000050c   Data          72  tim.o(.bss)
    huart1                                   0x20000554   Data          72  usart.o(.bss)
    huart3                                   0x2000059c   Data          72  usart.o(.bss)
    hdma_usart1_rx                           0x200005e4   Data          68  usart.o(.bss)
    __initial_sp                             0x20000b18   Data           0  startup_stm32f103xe.o(STACK)



==============================================================================

Memory Map of the image

  Image Entry point : 0x08000131

  Load Region LR_IROM1 (Base: 0x08000000, Size: 0x00008fa4, Max: 0x00040000, ABSOLUTE, COMPRESSED[0x00008e98])

    Execution Region ER_IROM1 (Exec base: 0x08000000, Load base: 0x08000000, Size: 0x00008e30, Max: 0x00040000, ABSOLUTE)

    Exec Addr    Load Addr    Size         Type   Attr      Idx    E Section Name        Object

    0x08000000   0x08000000   0x00000130   Data   RO            3    RESET               startup_stm32f103xe.o
    0x08000130   0x08000130   0x00000000   Code   RO         4671  * .ARM.Collect$$$$00000000  mc_w.l(entry.o)
    0x08000130   0x08000130   0x00000004   Code   RO         5031    .ARM.Collect$$$$00000001  mc_w.l(entry2.o)
    0x08000134   0x08000134   0x00000004   Code   RO         5034    .ARM.Collect$$$$00000004  mc_w.l(entry5.o)
    0x08000138   0x08000138   0x00000000   Code   RO         5036    .ARM.Collect$$$$00000008  mc_w.l(entry7b.o)
    0x08000138   0x08000138   0x00000000   Code   RO         5038    .ARM.Collect$$$$0000000A  mc_w.l(entry8b.o)
    0x08000138   0x08000138   0x00000008   Code   RO         5039    .ARM.Collect$$$$0000000B  mc_w.l(entry9a.o)
    0x08000140   0x08000140   0x00000004   Code   RO         5046    .ARM.Collect$$$$0000000E  mc_w.l(entry12b.o)
    0x08000144   0x08000144   0x00000000   Code   RO         5041    .ARM.Collect$$$$0000000F  mc_w.l(entry10a.o)
    0x08000144   0x08000144   0x00000000   Code   RO         5043    .ARM.Collect$$$$00000011  mc_w.l(entry11a.o)
    0x08000144   0x08000144   0x00000004   Code   RO         5032    .ARM.Collect$$$$00002712  mc_w.l(entry2.o)
    0x08000148   0x08000148   0x00000024   Code   RO            4    .text               startup_stm32f103xe.o
    0x0800016c   0x0800016c   0x00000020   Code   RO         4676    .text               mc_w.l(llushr.o)
    0x0800018c   0x0800018c   0x00000024   Code   RO         4678    .text               mc_w.l(memseta.o)
    0x080001b0   0x080001b0   0x00000024   Code   RO         4680    .text               mc_w.l(strstr.o)
    0x080001d4   0x080001d4   0x0000000e   Code   RO         4682    .text               mc_w.l(strlen.o)
    0x080001e2   0x080001e2   0x0000001a   Code   RO         4684    .text               mc_w.l(memcmp.o)
    0x080001fc   0x080001fc   0x000000b0   Code   RO         4947    .text               mf_w.l(fadd.o)
    0x080002ac   0x080002ac   0x00000064   Code   RO         4949    .text               mf_w.l(fmul.o)
    0x08000310   0x08000310   0x0000007c   Code   RO         4951    .text               mf_w.l(fdiv.o)
    0x0800038c   0x0800038c   0x00000018   Code   RO         4953    .text               mf_w.l(fscalb.o)
    0x080003a4   0x080003a4   0x0000014e   Code   RO         4955    .text               mf_w.l(dadd.o)
    0x080004f2   0x080004f2   0x000000e4   Code   RO         4957    .text               mf_w.l(dmul.o)
    0x080005d6   0x080005d6   0x000000de   Code   RO         4959    .text               mf_w.l(ddiv.o)
    0x080006b4   0x080006b4   0x00000012   Code   RO         4961    .text               mf_w.l(fflti.o)
    0x080006c6   0x080006c6   0x0000000a   Code   RO         4963    .text               mf_w.l(ffltui.o)
    0x080006d0   0x080006d0   0x00000032   Code   RO         4967    .text               mf_w.l(ffixi.o)
    0x08000702   0x08000702   0x00000028   Code   RO         4969    .text               mf_w.l(ffixui.o)
    0x0800072a   0x0800072a   0x00000026   Code   RO         4971    .text               mf_w.l(f2d.o)
    0x08000750   0x08000750   0x00000038   Code   RO         4973    .text               mf_w.l(d2f.o)
    0x08000788   0x08000788   0x0000002c   Code   RO         5047    .text               mc_w.l(uidiv.o)
    0x080007b4   0x080007b4   0x00000062   Code   RO         5049    .text               mc_w.l(uldiv.o)
    0x08000816   0x08000816   0x0000001e   Code   RO         5051    .text               mc_w.l(llshl.o)
    0x08000834   0x08000834   0x00000024   Code   RO         5053    .text               mc_w.l(llsshr.o)
    0x08000858   0x08000858   0x00000000   Code   RO         5062    .text               mc_w.l(iusefp.o)
    0x08000858   0x08000858   0x0000006e   Code   RO         5063    .text               mf_w.l(fepilogue.o)
    0x080008c6   0x080008c6   0x0000005e   Code   RO         5065    .text               mf_w.l(fsqrt.o)
    0x08000924   0x08000924   0x0000003c   Code   RO         5067    .text               mf_w.l(frnd.o)
    0x08000960   0x08000960   0x00000052   Code   RO         5069    .text               mf_w.l(frem.o)
    0x080009b2   0x080009b2   0x000000ba   Code   RO         5071    .text               mf_w.l(depilogue.o)
    0x08000a6c   0x08000a6c   0x0000002e   Code   RO         5073    .text               mf_w.l(dscalb.o)
    0x08000a9a   0x08000a9a   0x00000030   Code   RO         5075    .text               mf_w.l(dfixul.o)
    0x08000aca   0x08000aca   0x00000002   PAD
    0x08000acc   0x08000acc   0x00000030   Code   RO         5077    .text               mf_w.l(cdcmple.o)
    0x08000afc   0x08000afc   0x00000030   Code   RO         5079    .text               mf_w.l(cdrcmple.o)
    0x08000b2c   0x08000b2c   0x00000024   Code   RO         5081    .text               mc_w.l(init.o)
    0x08000b50   0x08000b50   0x000000a2   Code   RO         5083    .text               mf_w.l(dsqrt.o)
    0x08000bf2   0x08000bf2   0x0000003a   Code   RO         5093    .text               mc_w.l(__dczerorl.o)
    0x08000c2c   0x08000c2c   0x0000007c   Code   RO         4501    i.Backward_Kinematics  motor.o
    0x08000ca8   0x08000ca8   0x00000002   Code   RO          514    i.BusFault_Handler  stm32f1xx_it.o
    0x08000caa   0x08000caa   0x00000002   PAD
    0x08000cac   0x08000cac   0x0000000c   Code   RO          515    i.DMA1_Channel3_IRQHandler  stm32f1xx_it.o
    0x08000cb8   0x08000cb8   0x0000000c   Code   RO          516    i.DMA1_Channel5_IRQHandler  stm32f1xx_it.o
    0x08000cc4   0x08000cc4   0x0000002a   Code   RO         1497    i.DMA_SetConfig     stm32f1xx_hal_dma.o
    0x08000cee   0x08000cee   0x00000002   Code   RO          517    i.DebugMon_Handler  stm32f1xx_it.o
    0x08000cf0   0x08000cf0   0x00000020   Code   RO           13    i.Error_Handler     main.o
    0x08000d10   0x08000d10   0x000000a0   Code   RO         4502    i.Forward_Kinematics  motor.o
    0x08000db0   0x08000db0   0x00000046   Code   RO         1498    i.HAL_DMA_Abort     stm32f1xx_hal_dma.o
    0x08000df6   0x08000df6   0x00000002   PAD
    0x08000df8   0x08000df8   0x00000130   Code   RO         1499    i.HAL_DMA_Abort_IT  stm32f1xx_hal_dma.o
    0x08000f28   0x08000f28   0x00000248   Code   RO         1503    i.HAL_DMA_IRQHandler  stm32f1xx_hal_dma.o
    0x08001170   0x08001170   0x0000007c   Code   RO         1504    i.HAL_DMA_Init      stm32f1xx_hal_dma.o
    0x080011ec   0x080011ec   0x00000070   Code   RO         1508    i.HAL_DMA_Start_IT  stm32f1xx_hal_dma.o
    0x0800125c   0x0800125c   0x00000024   Code   RO         1124    i.HAL_Delay         stm32f1xx_hal.o
    0x08001280   0x08001280   0x000001f8   Code   RO         1434    i.HAL_GPIO_Init     stm32f1xx_hal_gpio.o
    0x08001478   0x08001478   0x0000000a   Code   RO         1438    i.HAL_GPIO_WritePin  stm32f1xx_hal_gpio.o
    0x08001482   0x08001482   0x00000002   PAD
    0x08001484   0x08001484   0x0000000c   Code   RO         1128    i.HAL_GetTick       stm32f1xx_hal.o
    0x08001490   0x08001490   0x00000188   Code   RO          691    i.HAL_I2C_Init      stm32f1xx_hal_i2c.o
    0x08001618   0x08001618   0x0000025c   Code   RO          709    i.HAL_I2C_Mem_Read  stm32f1xx_hal_i2c.o
    0x08001874   0x08001874   0x00000130   Code   RO          712    i.HAL_I2C_Mem_Write  stm32f1xx_hal_i2c.o
    0x080019a4   0x080019a4   0x00000080   Code   RO          273    i.HAL_I2C_MspInit   i2c.o
    0x08001a24   0x08001a24   0x00000010   Code   RO         1134    i.HAL_IncTick       stm32f1xx_hal.o
    0x08001a34   0x08001a34   0x00000024   Code   RO         1135    i.HAL_Init          stm32f1xx_hal.o
    0x08001a58   0x08001a58   0x00000040   Code   RO         1136    i.HAL_InitTick      stm32f1xx_hal.o
    0x08001a98   0x08001a98   0x0000003c   Code   RO          620    i.HAL_MspInit       stm32f1xx_hal_msp.o
    0x08001ad4   0x08001ad4   0x0000001a   Code   RO         1594    i.HAL_NVIC_EnableIRQ  stm32f1xx_hal_cortex.o
    0x08001aee   0x08001aee   0x00000002   PAD
    0x08001af0   0x08001af0   0x00000040   Code   RO         1600    i.HAL_NVIC_SetPriority  stm32f1xx_hal_cortex.o
    0x08001b30   0x08001b30   0x00000024   Code   RO         1601    i.HAL_NVIC_SetPriorityGrouping  stm32f1xx_hal_cortex.o
    0x08001b54   0x08001b54   0x0000012c   Code   RO         1292    i.HAL_RCC_ClockConfig  stm32f1xx_hal_rcc.o
    0x08001c80   0x08001c80   0x00000020   Code   RO         1299    i.HAL_RCC_GetPCLK1Freq  stm32f1xx_hal_rcc.o
    0x08001ca0   0x08001ca0   0x00000020   Code   RO         1300    i.HAL_RCC_GetPCLK2Freq  stm32f1xx_hal_rcc.o
    0x08001cc0   0x08001cc0   0x0000004c   Code   RO         1301    i.HAL_RCC_GetSysClockFreq  stm32f1xx_hal_rcc.o
    0x08001d0c   0x08001d0c   0x00000320   Code   RO         1304    i.HAL_RCC_OscConfig  stm32f1xx_hal_rcc.o
    0x0800202c   0x0800202c   0x00000002   Code   RO         2101    i.HAL_SPI_ErrorCallback  stm32f1xx_hal_spi.o
    0x0800202e   0x0800202e   0x000000b2   Code   RO         2105    i.HAL_SPI_Init      stm32f1xx_hal_spi.o
    0x080020e0   0x080020e0   0x00000094   Code   RO          315    i.HAL_SPI_MspInit   spi.o
    0x08002174   0x08002174   0x000000cc   Code   RO         2117    i.HAL_SPI_Transmit_DMA  stm32f1xx_hal_spi.o
    0x08002240   0x08002240   0x00000002   Code   RO         2119    i.HAL_SPI_TxCpltCallback  stm32f1xx_hal_spi.o
    0x08002242   0x08002242   0x00000002   Code   RO         2120    i.HAL_SPI_TxHalfCpltCallback  stm32f1xx_hal_spi.o
    0x08002244   0x08002244   0x00000028   Code   RO         1605    i.HAL_SYSTICK_Config  stm32f1xx_hal_cortex.o
    0x0800226c   0x0800226c   0x00000002   Code   RO         3122    i.HAL_TIMEx_BreakCallback  stm32f1xx_hal_tim_ex.o
    0x0800226e   0x0800226e   0x00000002   Code   RO         3123    i.HAL_TIMEx_CommutCallback  stm32f1xx_hal_tim_ex.o
    0x08002270   0x08002270   0x0000007c   Code   RO         3141    i.HAL_TIMEx_MasterConfigSynchronization  stm32f1xx_hal_tim_ex.o
    0x080022ec   0x080022ec   0x0000005a   Code   RO         2418    i.HAL_TIM_Base_Init  stm32f1xx_hal_tim.o
    0x08002346   0x08002346   0x00000002   PAD
    0x08002348   0x08002348   0x00000054   Code   RO          357    i.HAL_TIM_Base_MspInit  tim.o
    0x0800239c   0x0800239c   0x00000064   Code   RO         2421    i.HAL_TIM_Base_Start  stm32f1xx_hal_tim.o
    0x08002400   0x08002400   0x0000006c   Code   RO         2423    i.HAL_TIM_Base_Start_IT  stm32f1xx_hal_tim.o
    0x0800246c   0x0800246c   0x000000dc   Code   RO         2427    i.HAL_TIM_ConfigClockSource  stm32f1xx_hal_tim.o
    0x08002548   0x08002548   0x000000a4   Code   RO         2439    i.HAL_TIM_Encoder_Init  stm32f1xx_hal_tim.o
    0x080025ec   0x080025ec   0x00000148   Code   RO          359    i.HAL_TIM_Encoder_MspInit  tim.o
    0x08002734   0x08002734   0x0000008e   Code   RO         2442    i.HAL_TIM_Encoder_Start  stm32f1xx_hal_tim.o
    0x080027c2   0x080027c2   0x00000002   Code   RO         2452    i.HAL_TIM_IC_CaptureCallback  stm32f1xx_hal_tim.o
    0x080027c4   0x080027c4   0x00000130   Code   RO         2466    i.HAL_TIM_IRQHandler  stm32f1xx_hal_tim.o
    0x080028f4   0x080028f4   0x0000004c   Code   RO          360    i.HAL_TIM_MspPostInit  tim.o
    0x08002940   0x08002940   0x00000002   Code   RO         2469    i.HAL_TIM_OC_DelayElapsedCallback  stm32f1xx_hal_tim.o
    0x08002942   0x08002942   0x000000cc   Code   RO         2490    i.HAL_TIM_PWM_ConfigChannel  stm32f1xx_hal_tim.o
    0x08002a0e   0x08002a0e   0x0000005a   Code   RO         2493    i.HAL_TIM_PWM_Init  stm32f1xx_hal_tim.o
    0x08002a68   0x08002a68   0x00000002   Code   RO         2495    i.HAL_TIM_PWM_MspInit  stm32f1xx_hal_tim.o
    0x08002a6a   0x08002a6a   0x00000002   Code   RO         2496    i.HAL_TIM_PWM_PulseFinishedCallback  stm32f1xx_hal_tim.o
    0x08002a6c   0x08002a6c   0x000000b4   Code   RO         2498    i.HAL_TIM_PWM_Start  stm32f1xx_hal_tim.o
    0x08002b20   0x08002b20   0x00000188   Code   RO           14    i.HAL_TIM_PeriodElapsedCallback  main.o
    0x08002ca8   0x08002ca8   0x00000002   Code   RO         2509    i.HAL_TIM_TriggerCallback  stm32f1xx_hal_tim.o
    0x08002caa   0x08002caa   0x0000004a   Code   RO         3399    i.HAL_UARTEx_ReceiveToIdle_DMA  stm32f1xx_hal_uart.o
    0x08002cf4   0x08002cf4   0x0000004e   Code   RO         3400    i.HAL_UARTEx_ReceiveToIdle_IT  stm32f1xx_hal_uart.o
    0x08002d42   0x08002d42   0x00000002   PAD
    0x08002d44   0x08002d44   0x000001d8   Code   RO           15    i.HAL_UARTEx_RxEventCallback  main.o
    0x08002f1c   0x08002f1c   0x00000002   Code   RO         3415    i.HAL_UART_ErrorCallback  stm32f1xx_hal_uart.o
    0x08002f1e   0x08002f1e   0x00000002   PAD
    0x08002f20   0x08002f20   0x0000026c   Code   RO         3418    i.HAL_UART_IRQHandler  stm32f1xx_hal_uart.o
    0x0800318c   0x0800318c   0x00000064   Code   RO         3419    i.HAL_UART_Init     stm32f1xx_hal_uart.o
    0x080031f0   0x080031f0   0x00000134   Code   RO          447    i.HAL_UART_MspInit  usart.o
    0x08003324   0x08003324   0x00000002   Code   RO         3425    i.HAL_UART_RxCpltCallback  stm32f1xx_hal_uart.o
    0x08003326   0x08003326   0x00000002   Code   RO         3426    i.HAL_UART_RxHalfCpltCallback  stm32f1xx_hal_uart.o
    0x08003328   0x08003328   0x000000a0   Code   RO         3427    i.HAL_UART_Transmit  stm32f1xx_hal_uart.o
    0x080033c8   0x080033c8   0x00000002   Code   RO         3430    i.HAL_UART_TxCpltCallback  stm32f1xx_hal_uart.o
    0x080033ca   0x080033ca   0x00000002   Code   RO          518    i.HardFault_Handler  stm32f1xx_it.o
    0x080033cc   0x080033cc   0x0000002e   Code   RO          734    i.I2C_IsAcknowledgeFailed  stm32f1xx_hal_i2c.o
    0x080033fa   0x080033fa   0x00000002   PAD
    0x080033fc   0x080033fc   0x000000fc   Code   RO          744    i.I2C_RequestMemoryRead  stm32f1xx_hal_i2c.o
    0x080034f8   0x080034f8   0x000000a8   Code   RO          745    i.I2C_RequestMemoryWrite  stm32f1xx_hal_i2c.o
    0x080035a0   0x080035a0   0x00000056   Code   RO          749    i.I2C_WaitOnBTFFlagUntilTimeout  stm32f1xx_hal_i2c.o
    0x080035f6   0x080035f6   0x00000002   PAD
    0x080035f8   0x080035f8   0x00000090   Code   RO          750    i.I2C_WaitOnFlagUntilTimeout  stm32f1xx_hal_i2c.o
    0x08003688   0x08003688   0x000000bc   Code   RO          751    i.I2C_WaitOnMasterAddressFlagUntilTimeout  stm32f1xx_hal_i2c.o
    0x08003744   0x08003744   0x00000070   Code   RO          752    i.I2C_WaitOnRXNEFlagUntilTimeout  stm32f1xx_hal_i2c.o
    0x080037b4   0x080037b4   0x00000056   Code   RO          753    i.I2C_WaitOnTXEFlagUntilTimeout  stm32f1xx_hal_i2c.o
    0x0800380a   0x0800380a   0x00000072   Code   RO         4418    i.MPU_Init          mpu6050.o
    0x0800387c   0x0800387c   0x00000028   Code   RO         4419    i.MPU_Read_Byte     mpu6050.o
    0x080038a4   0x080038a4   0x00000020   Code   RO         4420    i.MPU_Read_Len      mpu6050.o
    0x080038c4   0x080038c4   0x0000000a   Code   RO         4421    i.MPU_Set_Accel_Fsr  mpu6050.o
    0x080038ce   0x080038ce   0x0000000a   Code   RO         4422    i.MPU_Set_Gyro_Fsr  mpu6050.o
    0x080038d8   0x080038d8   0x00000030   Code   RO         4423    i.MPU_Set_LPF       mpu6050.o
    0x08003908   0x08003908   0x0000002e   Code   RO         4424    i.MPU_Set_Rate      mpu6050.o
    0x08003936   0x08003936   0x00000002   PAD
    0x08003938   0x08003938   0x00000024   Code   RO         4425    i.MPU_Write_Byte    mpu6050.o
    0x0800395c   0x0800395c   0x00000020   Code   RO         4426    i.MPU_Write_Len     mpu6050.o
    0x0800397c   0x0800397c   0x0000003c   Code   RO          248    i.MX_DMA_Init       dma.o
    0x080039b8   0x080039b8   0x000000d4   Code   RO          224    i.MX_GPIO_Init      gpio.o
    0x08003a8c   0x08003a8c   0x00000040   Code   RO          274    i.MX_I2C1_Init      i2c.o
    0x08003acc   0x08003acc   0x00000048   Code   RO          316    i.MX_SPI1_Init      spi.o
    0x08003b14   0x08003b14   0x00000074   Code   RO          361    i.MX_TIM1_Init      tim.o
    0x08003b88   0x08003b88   0x0000006c   Code   RO          362    i.MX_TIM2_Init      tim.o
    0x08003bf4   0x08003bf4   0x00000070   Code   RO          363    i.MX_TIM3_Init      tim.o
    0x08003c64   0x08003c64   0x000000c8   Code   RO          364    i.MX_TIM5_Init      tim.o
    0x08003d2c   0x08003d2c   0x00000048   Code   RO          365    i.MX_TIM6_Init      tim.o
    0x08003d74   0x08003d74   0x00000070   Code   RO          366    i.MX_TIM8_Init      tim.o
    0x08003de4   0x08003de4   0x00000038   Code   RO          448    i.MX_USART1_UART_Init  usart.o
    0x08003e1c   0x08003e1c   0x00000038   Code   RO          449    i.MX_USART3_UART_Init  usart.o
    0x08003e54   0x08003e54   0x00000002   Code   RO          519    i.MemManage_Handler  stm32f1xx_it.o
    0x08003e56   0x08003e56   0x00000002   Code   RO          520    i.NMI_Handler       stm32f1xx_it.o
    0x08003e58   0x08003e58   0x00000060   Code   RO         4545    i.PID_increment     pid.o
    0x08003eb8   0x08003eb8   0x00000080   Code   RO         4546    i.PID_location      pid.o
    0x08003f38   0x08003f38   0x00000130   Code   RO         4548    i.PID_mode1         pid.o
    0x08004068   0x08004068   0x00000098   Code   RO         4549    i.PID_mode2         pid.o
    0x08004100   0x08004100   0x000000a0   Code   RO         4551    i.PID_yaw           pid.o
    0x080041a0   0x080041a0   0x00000002   Code   RO          521    i.PendSV_Handler    stm32f1xx_it.o
    0x080041a2   0x080041a2   0x00000002   PAD
    0x080041a4   0x080041a4   0x00000032   Code   RO         3790    i.RGB_SetFullColor  ws2812.o
    0x080041d6   0x080041d6   0x00000002   PAD
    0x080041d8   0x080041d8   0x00000090   Code   RO         3791    i.RGBset_mode1      ws2812.o
    0x08004268   0x08004268   0x000000ec   Code   RO         3792    i.RGBset_mode2      ws2812.o
    0x08004354   0x08004354   0x0000005c   Code   RO         3793    i.RGBset_mode3      ws2812.o
    0x080043b0   0x080043b0   0x00000060   Code   RO         3794    i.RGBset_mode4      ws2812.o
    0x08004410   0x08004410   0x00000070   Code   RO         3795    i.RGBset_mode5      ws2812.o
    0x08004480   0x08004480   0x00000070   Code   RO         3796    i.RGBset_mode6      ws2812.o
    0x080044f0   0x080044f0   0x000000a8   Code   RO         3797    i.RGBset_mode7      ws2812.o
    0x08004598   0x08004598   0x00000060   Code   RO         3798    i.RGBset_mode8      ws2812.o
    0x080045f8   0x080045f8   0x00000022   Code   RO         2133    i.SPI_DMAError      stm32f1xx_hal_spi.o
    0x0800461a   0x0800461a   0x0000000a   Code   RO         2135    i.SPI_DMAHalfTransmitCplt  stm32f1xx_hal_spi.o
    0x08004624   0x08004624   0x00000064   Code   RO         2139    i.SPI_DMATransmitCplt  stm32f1xx_hal_spi.o
    0x08004688   0x08004688   0x00000034   Code   RO         2143    i.SPI_EndRxTxTransaction  stm32f1xx_hal_spi.o
    0x080046bc   0x080046bc   0x000000b8   Code   RO         2148    i.SPI_WaitFlagStateUntilTimeout  stm32f1xx_hal_spi.o
    0x08004774   0x08004774   0x00000002   Code   RO          522    i.SVC_Handler       stm32f1xx_it.o
    0x08004776   0x08004776   0x00000004   Code   RO          523    i.SysTick_Handler   stm32f1xx_it.o
    0x0800477a   0x0800477a   0x00000058   Code   RO           16    i.SystemClock_Config  main.o
    0x080047d2   0x080047d2   0x00000002   Code   RO         3753    i.SystemInit        system_stm32f1xx.o
    0x080047d4   0x080047d4   0x0000000c   Code   RO          524    i.TIM6_IRQHandler   stm32f1xx_it.o
    0x080047e0   0x080047e0   0x0000009c   Code   RO         2511    i.TIM_Base_SetConfig  stm32f1xx_hal_tim.o
    0x0800487c   0x0800487c   0x0000001a   Code   RO         2512    i.TIM_CCxChannelCmd  stm32f1xx_hal_tim.o
    0x08004896   0x08004896   0x00000014   Code   RO         2522    i.TIM_ETR_SetConfig  stm32f1xx_hal_tim.o
    0x080048aa   0x080048aa   0x00000010   Code   RO         2523    i.TIM_ITRx_SetConfig  stm32f1xx_hal_tim.o
    0x080048ba   0x080048ba   0x00000002   PAD
    0x080048bc   0x080048bc   0x00000060   Code   RO         2524    i.TIM_OC1_SetConfig  stm32f1xx_hal_tim.o
    0x0800491c   0x0800491c   0x0000006c   Code   RO         2525    i.TIM_OC2_SetConfig  stm32f1xx_hal_tim.o
    0x08004988   0x08004988   0x00000068   Code   RO         2526    i.TIM_OC3_SetConfig  stm32f1xx_hal_tim.o
    0x080049f0   0x080049f0   0x00000050   Code   RO         2527    i.TIM_OC4_SetConfig  stm32f1xx_hal_tim.o
    0x08004a40   0x08004a40   0x00000022   Code   RO         2529    i.TIM_TI1_ConfigInputStage  stm32f1xx_hal_tim.o
    0x08004a62   0x08004a62   0x00000024   Code   RO         2531    i.TIM_TI2_ConfigInputStage  stm32f1xx_hal_tim.o
    0x08004a86   0x08004a86   0x00000010   Code   RO         3432    i.UART_DMAAbortOnError  stm32f1xx_hal_uart.o
    0x08004a96   0x08004a96   0x0000004a   Code   RO         3433    i.UART_DMAError     stm32f1xx_hal_uart.o
    0x08004ae0   0x08004ae0   0x00000086   Code   RO         3434    i.UART_DMAReceiveCplt  stm32f1xx_hal_uart.o
    0x08004b66   0x08004b66   0x0000001e   Code   RO         3436    i.UART_DMARxHalfCplt  stm32f1xx_hal_uart.o
    0x08004b84   0x08004b84   0x0000004e   Code   RO         3442    i.UART_EndRxTransfer  stm32f1xx_hal_uart.o
    0x08004bd2   0x08004bd2   0x0000001c   Code   RO         3443    i.UART_EndTxTransfer  stm32f1xx_hal_uart.o
    0x08004bee   0x08004bee   0x000000c2   Code   RO         3444    i.UART_Receive_IT   stm32f1xx_hal_uart.o
    0x08004cb0   0x08004cb0   0x000000b8   Code   RO         3445    i.UART_SetConfig    stm32f1xx_hal_uart.o
    0x08004d68   0x08004d68   0x00000090   Code   RO         3446    i.UART_Start_Receive_DMA  stm32f1xx_hal_uart.o
    0x08004df8   0x08004df8   0x00000036   Code   RO         3447    i.UART_Start_Receive_IT  stm32f1xx_hal_uart.o
    0x08004e2e   0x08004e2e   0x00000072   Code   RO         3448    i.UART_WaitOnFlagUntilTimeout  stm32f1xx_hal_uart.o
    0x08004ea0   0x08004ea0   0x0000000c   Code   RO          525    i.USART1_IRQHandler  stm32f1xx_it.o
    0x08004eac   0x08004eac   0x0000000c   Code   RO          526    i.USART3_IRQHandler  stm32f1xx_it.o
    0x08004eb8   0x08004eb8   0x00000002   Code   RO          527    i.UsageFault_Handler  stm32f1xx_it.o
    0x08004eba   0x08004eba   0x00000002   PAD
    0x08004ebc   0x08004ebc   0x000000ac   Code   RO         3799    i.WS2812_Refresh    ws2812.o
    0x08004f68   0x08004f68   0x00000020   Code   RO         4919    i.__0printf         mc_w.l(printfa.o)
    0x08004f88   0x08004f88   0x00000028   Code   RO         4999    i.__ARM_fpclassify  m_ws.l(fpclassify.o)
    0x08004fb0   0x08004fb0   0x00000026   Code   RO         5001    i.__ARM_fpclassifyf  m_ws.l(fpclassifyf.o)
    0x08004fd6   0x08004fd6   0x00000020   Code   RO         1607    i.__NVIC_SetPriority  stm32f1xx_hal_cortex.o
    0x08004ff6   0x08004ff6   0x000000aa   Code   RO         5017    i.__kernel_poly     m_ws.l(poly.o)
    0x080050a0   0x080050a0   0x00000006   Code   RO         4986    i.__mathlib_dbl_infnan  m_ws.l(dunder.o)
    0x080050a6   0x080050a6   0x00000004   Code   RO         4987    i.__mathlib_dbl_infnan2  m_ws.l(dunder.o)
    0x080050aa   0x080050aa   0x0000000c   Code   RO         4988    i.__mathlib_dbl_invalid  m_ws.l(dunder.o)
    0x080050b6   0x080050b6   0x00000002   PAD
    0x080050b8   0x080050b8   0x00000010   Code   RO         4991    i.__mathlib_dbl_underflow  m_ws.l(dunder.o)
    0x080050c8   0x080050c8   0x00000006   Code   RO         5004    i.__mathlib_flt_infnan  m_ws.l(funder.o)
    0x080050ce   0x080050ce   0x00000004   Code   RO         5005    i.__mathlib_flt_infnan2  m_ws.l(funder.o)
    0x080050d2   0x080050d2   0x00000008   Code   RO         5006    i.__mathlib_flt_invalid  m_ws.l(funder.o)
    0x080050da   0x080050da   0x0000000a   Code   RO         5009    i.__mathlib_flt_underflow  m_ws.l(funder.o)
    0x080050e4   0x080050e4   0x00000168   Code   RO         5020    i.__mathlib_rredf2  m_ws.l(rredf.o)
    0x0800524c   0x0800524c   0x0000000e   Code   RO         5087    i.__scatterload_copy  mc_w.l(handlers.o)
    0x0800525a   0x0800525a   0x00000002   Code   RO         5088    i.__scatterload_null  mc_w.l(handlers.o)
    0x0800525c   0x0800525c   0x0000000e   Code   RO         5089    i.__scatterload_zeroinit  mc_w.l(handlers.o)
    0x0800526a   0x0800526a   0x00000002   PAD
    0x0800526c   0x0800526c   0x0000000c   Code   RO         5057    i.__set_errno       mc_w.l(errno.o)
    0x08005278   0x08005278   0x00000184   Code   RO         4926    i._fp_digits        mc_w.l(printfa.o)
    0x080053fc   0x080053fc   0x000006b4   Code   RO         4927    i._printf_core      mc_w.l(printfa.o)
    0x08005ab0   0x08005ab0   0x00000024   Code   RO         4928    i._printf_post_padding  mc_w.l(printfa.o)
    0x08005ad4   0x08005ad4   0x0000002e   Code   RO         4929    i._printf_pre_padding  mc_w.l(printfa.o)
    0x08005b02   0x08005b02   0x00000002   PAD
    0x08005b04   0x08005b04   0x00000270   Code   RO         4614    i.asin              m_ws.l(asin.o)
    0x08005d74   0x08005d74   0x00000220   Code   RO         4976    i.atan              m_ws.l(atan.o)
    0x08005f94   0x08005f94   0x0000019c   Code   RO         4624    i.atan2             m_ws.l(atan2.o)
    0x08006130   0x08006130   0x000002a4   Code   RO         4632    i.atan2f            m_ws.l(atan2f.o)
    0x080063d4   0x080063d4   0x0000017c   Code   RO         4640    i.cosf              m_ws.l(cosf.o)
    0x08006550   0x08006550   0x0000003a   Code   RO         4230    i.dmp_enable_6x_lp_quat  inv_mpu_dmp_motion_driver.o
    0x0800658a   0x0800658a   0x00000002   PAD
    0x0800658c   0x0800658c   0x000001d8   Code   RO         4231    i.dmp_enable_feature  inv_mpu_dmp_motion_driver.o
    0x08006764   0x08006764   0x0000003c   Code   RO         4232    i.dmp_enable_gyro_cal  inv_mpu_dmp_motion_driver.o
    0x080067a0   0x080067a0   0x0000003a   Code   RO         4233    i.dmp_enable_lp_quat  inv_mpu_dmp_motion_driver.o
    0x080067da   0x080067da   0x00000002   PAD
    0x080067dc   0x080067dc   0x00000014   Code   RO         4238    i.dmp_load_motion_driver_firmware  inv_mpu_dmp_motion_driver.o
    0x080067f0   0x080067f0   0x00000164   Code   RO         4239    i.dmp_read_fifo     inv_mpu_dmp_motion_driver.o
    0x08006954   0x08006954   0x00000064   Code   RO         4243    i.dmp_set_fifo_rate  inv_mpu_dmp_motion_driver.o
    0x080069b8   0x080069b8   0x0000010c   Code   RO         4246    i.dmp_set_orientation  inv_mpu_dmp_motion_driver.o
    0x08006ac4   0x08006ac4   0x00000030   Code   RO         4249    i.dmp_set_shake_reject_thresh  inv_mpu_dmp_motion_driver.o
    0x08006af4   0x08006af4   0x00000020   Code   RO         4250    i.dmp_set_shake_reject_time  inv_mpu_dmp_motion_driver.o
    0x08006b14   0x08006b14   0x00000020   Code   RO         4251    i.dmp_set_shake_reject_timeout  inv_mpu_dmp_motion_driver.o
    0x08006b34   0x08006b34   0x00000040   Code   RO         4252    i.dmp_set_tap_axes  inv_mpu_dmp_motion_driver.o
    0x08006b74   0x08006b74   0x00000022   Code   RO         4253    i.dmp_set_tap_count  inv_mpu_dmp_motion_driver.o
    0x08006b96   0x08006b96   0x00000002   PAD
    0x08006b98   0x08006b98   0x00000128   Code   RO         4254    i.dmp_set_tap_thresh  inv_mpu_dmp_motion_driver.o
    0x08006cc0   0x08006cc0   0x00000020   Code   RO         4255    i.dmp_set_tap_time  inv_mpu_dmp_motion_driver.o
    0x08006ce0   0x08006ce0   0x00000020   Code   RO         4256    i.dmp_set_tap_time_multi  inv_mpu_dmp_motion_driver.o
    0x08006d00   0x08006d00   0x0000006c   Code   RO         4648    i.fmodf             m_ws.l(fmodf.o)
    0x08006d6c   0x08006d6c   0x0000001c   Code   RO          450    i.fputc             usart.o
    0x08006d88   0x08006d88   0x00000022   Code   RO         3876    i.inv_orientation_matrix_to_scalar  inv_mpu.o
    0x08006daa   0x08006daa   0x00000048   Code   RO         3877    i.inv_row_2_scale   inv_mpu.o
    0x08006df2   0x08006df2   0x00000002   PAD
    0x08006df4   0x08006df4   0x00000184   Code   RO           17    i.main              main.o
    0x08006f78   0x08006f78   0x00000002   Code   RO         3878    i.mget_ms           inv_mpu.o
    0x08006f7a   0x08006f7a   0x00000002   PAD
    0x08006f7c   0x08006f7c   0x00000054   Code   RO         3879    i.mpu_configure_fifo  inv_mpu.o
    0x08006fd0   0x08006fd0   0x0000019c   Code   RO         3880    i.mpu_dmp_get_data  inv_mpu.o
    0x0800716c   0x0800716c   0x00000094   Code   RO         3881    i.mpu_dmp_init      inv_mpu.o
    0x08007200   0x08007200   0x0000003c   Code   RO         3882    i.mpu_get_accel_fsr  inv_mpu.o
    0x0800723c   0x0800723c   0x00000188   Code   RO         3898    i.mpu_init          inv_mpu.o
    0x080073c4   0x080073c4   0x000000a0   Code   RO         3899    i.mpu_load_firmware  inv_mpu.o
    0x08007464   0x08007464   0x000000b8   Code   RO         3900    i.mpu_lp_accel_mode  inv_mpu.o
    0x0800751c   0x0800751c   0x00000090   Code   RO         3903    i.mpu_read_fifo_stream  inv_mpu.o
    0x080075ac   0x080075ac   0x00000054   Code   RO         3904    i.mpu_read_mem      inv_mpu.o
    0x08007600   0x08007600   0x00000160   Code   RO         3907    i.mpu_reset_fifo    inv_mpu.o
    0x08007760   0x08007760   0x00000068   Code   RO         3910    i.mpu_set_accel_fsr  inv_mpu.o
    0x080077c8   0x080077c8   0x000000dc   Code   RO         3911    i.mpu_set_bypass    inv_mpu.o
    0x080078a4   0x080078a4   0x00000078   Code   RO         3913    i.mpu_set_dmp_state  inv_mpu.o
    0x0800791c   0x0800791c   0x0000006c   Code   RO         3914    i.mpu_set_gyro_fsr  inv_mpu.o
    0x08007988   0x08007988   0x00000064   Code   RO         3915    i.mpu_set_int_latched  inv_mpu.o
    0x080079ec   0x080079ec   0x0000006c   Code   RO         3917    i.mpu_set_lpf       inv_mpu.o
    0x08007a58   0x08007a58   0x00000080   Code   RO         3918    i.mpu_set_sample_rate  inv_mpu.o
    0x08007ad8   0x08007ad8   0x000000b8   Code   RO         3919    i.mpu_set_sensors   inv_mpu.o
    0x08007b90   0x08007b90   0x00000054   Code   RO         3920    i.mpu_write_mem     inv_mpu.o
    0x08007be4   0x08007be4   0x00000012   Code   RO         4503    i.my_abs_int        motor.o
    0x08007bf6   0x08007bf6   0x00000022   Code   RO         4552    i.my_distance       pid.o
    0x08007c18   0x08007c18   0x000000b0   Code   RO           18    i.receive_value     main.o
    0x08007cc8   0x08007cc8   0x00000118   Code   RO         4504    i.set_PWM           motor.o
    0x08007de0   0x08007de0   0x00000058   Code   RO         3922    i.set_int_enable    inv_mpu.o
    0x08007e38   0x08007e38   0x00000188   Code   RO         4656    i.sinf              m_ws.l(sinf.o)
    0x08007fc0   0x08007fc0   0x0000004c   Code   RO         5024    i.sqrt              m_ws.l(sqrt.o)
    0x0800800c   0x0800800c   0x0000002c   Code   RO         4664    i.sqrtf             m_ws.l(sqrtf.o)
    0x08008038   0x08008038   0x00000012   Data   RO         1305    .constdata          stm32f1xx_hal_rcc.o
    0x0800804a   0x0800804a   0x00000010   Data   RO         3754    .constdata          system_stm32f1xx.o
    0x0800805a   0x0800805a   0x00000008   Data   RO         3755    .constdata          system_stm32f1xx.o
    0x08008062   0x08008062   0x0000001b   Data   RO         3924    .constdata          inv_mpu.o
    0x0800807d   0x0800807d   0x00000001   PAD
    0x0800807e   0x0800807e   0x0000000c   Data   RO         3925    .constdata          inv_mpu.o
    0x0800808a   0x0800808a   0x00000002   PAD
    0x0800808c   0x0800808c   0x00000028   Data   RO         3926    .constdata          inv_mpu.o
    0x080080b4   0x080080b4   0x00000bf6   Data   RO         4258    .constdata          inv_mpu_dmp_motion_driver.o
    0x08008caa   0x08008caa   0x00000006   PAD
    0x08008cb0   0x08008cb0   0x00000050   Data   RO         4615    .constdata          m_ws.l(asin.o)
    0x08008d00   0x08008d00   0x00000098   Data   RO         4977    .constdata          m_ws.l(atan.o)
    0x08008d98   0x08008d98   0x00000008   Data   RO         5019    .constdata          m_ws.l(qnan.o)
    0x08008da0   0x08008da0   0x00000020   Data   RO         5021    .constdata          m_ws.l(rredf.o)
    0x08008dc0   0x08008dc0   0x0000004d   Data   RO         3927    .conststring        inv_mpu.o
    0x08008e0d   0x08008e0d   0x00000003   PAD
    0x08008e10   0x08008e10   0x00000020   Data   RO         5085    Region$$Table       anon$$obj.o


    Execution Region RW_IRAM1 (Exec base: 0x20000000, Load base: 0x08008e30, Size: 0x00000b18, Max: 0x0000c000, ABSOLUTE, COMPRESSED[0x00000068])

    Exec Addr    Load Addr    Size         Type   Attr      Idx    E Section Name        Object

    0x20000000   COMPRESSED   0x00000044   Data   RW           20    .data               main.o
    0x20000044   COMPRESSED   0x00000004   Data   RW          453    .data               usart.o
    0x20000048   COMPRESSED   0x0000000c   Data   RW         1142    .data               stm32f1xx_hal.o
    0x20000054   COMPRESSED   0x00000004   Data   RW         3756    .data               system_stm32f1xx.o
    0x20000058   COMPRESSED   0x00000035   Data   RW         3928    .data               inv_mpu.o
    0x2000008d   COMPRESSED   0x00000003   PAD
    0x20000090   COMPRESSED   0x000000e0   Data   RW         4553    .data               pid.o
    0x20000170   COMPRESSED   0x00000004   Data   RW         5058    .data               mc_w.l(errno.o)
    0x20000174        -       0x00000140   Zero   RW           19    .bss                main.o
    0x200002b4        -       0x00000054   Zero   RW          275    .bss                i2c.o
    0x20000308        -       0x0000009c   Zero   RW          317    .bss                spi.o
    0x200003a4        -       0x000001b0   Zero   RW          367    .bss                tim.o
    0x20000554        -       0x000000d4   Zero   RW          452    .bss                usart.o
    0x20000628        -       0x000000da   Zero   RW         3800    .bss                ws2812.o
    0x20000702   COMPRESSED   0x00000002   PAD
    0x20000704        -       0x00000010   Zero   RW         4257    .bss                inv_mpu_dmp_motion_driver.o
    0x20000714   COMPRESSED   0x00000004   PAD
    0x20000718        -       0x00000400   Zero   RW            1    STACK               startup_stm32f103xe.o


==============================================================================

Image component sizes


      Code (inc. data)   RO Data    RW Data    ZI Data      Debug   Object Name

        60          4          0          0          0        742   dma.o
       212         16          0          0          0        955   gpio.o
       192         30          0          0         84       1653   i2c.o
      3372        180        156         53          0      21264   inv_mpu.o
      1962        104       3062          0         16      17537   inv_mpu_dmp_motion_driver.o
      1548        240          0         68        320     506433   main.o
       582         50          0          0          0       3437   motor.o
       368         22          0          0          0       5231   mpu6050.o
       874         86          0        224          0       5567   pid.o
       220         32          0          0        156       1694   spi.o
        36          8        304          0       1024        792   startup_stm32f103xe.o
       164         28          0         12          0       6413   stm32f1xx_hal.o
       198         14          0          0          0      28883   stm32f1xx_hal_cortex.o
      1236         52          0          0          0       5034   stm32f1xx_hal_dma.o
       514         42          0          0          0       2872   stm32f1xx_hal_gpio.o
      2382         56          0          0          0      12862   stm32f1xx_hal_i2c.o
        60          8          0          0          0        850   stm32f1xx_hal_msp.o
      1240         84         18          0          0       5040   stm32f1xx_hal_rcc.o
       768         18          0          0          0       6968   stm32f1xx_hal_spi.o
      2288        120          0          0          0      18586   stm32f1xx_hal_tim.o
       128         20          0          0          0       2353   stm32f1xx_hal_tim_ex.o
      2090         24          0          0          0      15551   stm32f1xx_hal_uart.o
        80         30          0          0          0       5894   stm32f1xx_it.o
         2          0         24          4          0       1083   system_stm32f1xx.o
      1208        104          0          0        432       6367   tim.o
       448         52          0          4        212       5014   usart.o
      1278        166          0          0        218       8363   ws2812.o

    ----------------------------------------------------------------------
     23548       1590       3608        368       2468     697438   Object Totals
         0          0         32          0          0          0   (incl. Generated)
        38          0         12          3          6          0   (incl. Padding)

    ----------------------------------------------------------------------

      Code (inc. data)   RO Data    RW Data    ZI Data      Debug   Library Member Name

       624         52         80          0          0        168   asin.o
       544         70        152          0          0        124   atan.o
       412         38          0          0          0        144   atan2.o
       676         78          0          0          0        116   atan2f.o
       380         52          0          0          0        124   cosf.o
        38          6          0          0          0        272   dunder.o
       108          0          0          0          0         96   fmodf.o
        40          0          0          0          0         68   fpclassify.o
        38          0          0          0          0         68   fpclassifyf.o
        28          0          0          0          0        272   funder.o
       170          0          0          0          0         96   poly.o
         0          0          8          0          0          0   qnan.o
       360         16         32          0          0         88   rredf.o
       392         54          0          0          0        124   sinf.o
        76          0          0          0          0         84   sqrt.o
        44          0          0          0          0         80   sqrtf.o
        58          0          0          0          0          0   __dczerorl.o
         0          0          0          0          0          0   entry.o
         0          0          0          0          0          0   entry10a.o
         0          0          0          0          0          0   entry11a.o
         4          0          0          0          0          0   entry12b.o
         8          4          0          0          0          0   entry2.o
         4          0          0          0          0          0   entry5.o
         0          0          0          0          0          0   entry7b.o
         0          0          0          0          0          0   entry8b.o
         8          4          0          0          0          0   entry9a.o
        12          6          0          4          0         68   errno.o
        30          0          0          0          0          0   handlers.o
        36          8          0          0          0         68   init.o
         0          0          0          0          0          0   iusefp.o
        30          0          0          0          0         68   llshl.o
        36          0          0          0          0         68   llsshr.o
        32          0          0          0          0         68   llushr.o
        26          0          0          0          0         80   memcmp.o
        36          0          0          0          0        108   memseta.o
      2218         90          0          0          0        464   printfa.o
        14          0          0          0          0         68   strlen.o
        36          0          0          0          0         80   strstr.o
        44          0          0          0          0         80   uidiv.o
        98          0          0          0          0         92   uldiv.o
        48          0          0          0          0         68   cdcmple.o
        48          0          0          0          0         68   cdrcmple.o
        56          0          0          0          0         88   d2f.o
       334          0          0          0          0        148   dadd.o
       222          0          0          0          0        100   ddiv.o
       186          0          0          0          0        176   depilogue.o
        48          0          0          0          0         68   dfixul.o
       228          0          0          0          0         96   dmul.o
        46          0          0          0          0         80   dscalb.o
       162          0          0          0          0        100   dsqrt.o
        38          0          0          0          0         68   f2d.o
       176          0          0          0          0        140   fadd.o
       124          0          0          0          0         88   fdiv.o
       110          0          0          0          0        168   fepilogue.o
        50          0          0          0          0         68   ffixi.o
        40          0          0          0          0         68   ffixui.o
        18          0          0          0          0         68   fflti.o
        10          0          0          0          0         68   ffltui.o
       100          0          0          0          0         76   fmul.o
        82          0          0          0          0         96   frem.o
        60          0          0          0          0         76   frnd.o
        24          0          0          0          0         68   fscalb.o
        94          0          0          0          0         96   fsqrt.o

    ----------------------------------------------------------------------
      8972        478        272          4          0       5376   Library Totals
         8          0          0          0          0          0   (incl. Padding)

    ----------------------------------------------------------------------

      Code (inc. data)   RO Data    RW Data    ZI Data      Debug   Library Name

      3930        366        272          0          0       1924   m_ws.l
      2730        112          0          4          0       1312   mc_w.l
      2304          0          0          0          0       2140   mf_w.l

    ----------------------------------------------------------------------
      8972        478        272          4          0       5376   Library Totals

    ----------------------------------------------------------------------

==============================================================================


      Code (inc. data)   RO Data    RW Data    ZI Data      Debug   

     32520       2068       3880        372       2468     689786   Grand Totals
     32520       2068       3880        104       2468     689786   ELF Image Totals (compressed)
     32520       2068       3880        104          0          0   ROM Totals

==============================================================================

    Total RO  Size (Code + RO Data)                36400 (  35.55kB)
    Total RW  Size (RW Data + ZI Data)              2840 (   2.77kB)
    Total ROM Size (Code + RO Data + RW Data)      36504 (  35.65kB)

==============================================================================

